Component: ARM Compiler 5.06 update 6 (build 750) Tool: armlink [4d35ed]

==============================================================================

Section Cross References

    startup_stm32f407xx.o(STACK) refers (Special) to heapauxi.o(.text) for __use_two_region_memory
    startup_stm32f407xx.o(HEAP) refers (Special) to heapauxi.o(.text) for __use_two_region_memory
    startup_stm32f407xx.o(RESET) refers (Special) to heapauxi.o(.text) for __use_two_region_memory
    startup_stm32f407xx.o(RESET) refers to startup_stm32f407xx.o(STACK) for __initial_sp
    startup_stm32f407xx.o(RESET) refers to startup_stm32f407xx.o(.text) for Reset_Handler
    startup_stm32f407xx.o(RESET) refers to stm32f4xx_it.o(i.NMI_Handler) for NMI_Handler
    startup_stm32f407xx.o(RESET) refers to stm32f4xx_it.o(i.HardFault_Handler) for HardFault_Handler
    startup_stm32f407xx.o(RESET) refers to stm32f4xx_it.o(i.MemManage_Handler) for MemManage_Handler
    startup_stm32f407xx.o(RESET) refers to stm32f4xx_it.o(i.BusFault_Handler) for BusFault_Handler
    startup_stm32f407xx.o(RESET) refers to stm32f4xx_it.o(i.UsageFault_Handler) for UsageFault_Handler
    startup_stm32f407xx.o(RESET) refers to stm32f4xx_it.o(i.SVC_Handler) for SVC_Handler
    startup_stm32f407xx.o(RESET) refers to stm32f4xx_it.o(i.DebugMon_Handler) for DebugMon_Handler
    startup_stm32f407xx.o(RESET) refers to stm32f4xx_it.o(i.PendSV_Handler) for PendSV_Handler
    startup_stm32f407xx.o(RESET) refers to stm32f4xx_it.o(i.SysTick_Handler) for SysTick_Handler
    startup_stm32f407xx.o(RESET) refers to stm32f4xx_it.o(i.EXTI0_IRQHandler) for EXTI0_IRQHandler
    startup_stm32f407xx.o(RESET) refers to stm32f4xx_it.o(i.EXTI2_IRQHandler) for EXTI2_IRQHandler
    startup_stm32f407xx.o(RESET) refers to stm32f4xx_it.o(i.EXTI3_IRQHandler) for EXTI3_IRQHandler
    startup_stm32f407xx.o(RESET) refers to stm32f4xx_it.o(i.EXTI4_IRQHandler) for EXTI4_IRQHandler
    startup_stm32f407xx.o(RESET) refers to stm32f4xx_it.o(i.DMA1_Stream4_IRQHandler) for DMA1_Stream4_IRQHandler
    startup_stm32f407xx.o(RESET) refers to stm32f4xx_it.o(i.DMA1_Stream5_IRQHandler) for DMA1_Stream5_IRQHandler
    startup_stm32f407xx.o(RESET) refers to stm32f4xx_it.o(i.EXTI9_5_IRQHandler) for EXTI9_5_IRQHandler
    startup_stm32f407xx.o(RESET) refers to stm32f4xx_it.o(i.USART1_IRQHandler) for USART1_IRQHandler
    startup_stm32f407xx.o(RESET) refers to stm32f4xx_it.o(i.USART3_IRQHandler) for USART3_IRQHandler
    startup_stm32f407xx.o(.text) refers (Special) to heapauxi.o(.text) for __use_two_region_memory
    startup_stm32f407xx.o(.text) refers to system_stm32f4xx.o(i.SystemInit) for SystemInit
    startup_stm32f407xx.o(.text) refers to __main.o(!!!main) for __main
    startup_stm32f407xx.o(.text) refers to startup_stm32f407xx.o(HEAP) for Heap_Mem
    startup_stm32f407xx.o(.text) refers to startup_stm32f407xx.o(STACK) for Stack_Mem
    main.o(i.SystemClock_Config) refers to rt_memclr_w.o(.text) for __aeabi_memclr4
    main.o(i.SystemClock_Config) refers to stm32f4xx_hal_rcc.o(i.HAL_RCC_OscConfig) for HAL_RCC_OscConfig
    main.o(i.SystemClock_Config) refers to stm32f4xx_hal_rcc.o(i.HAL_RCC_ClockConfig) for HAL_RCC_ClockConfig
    main.o(i.main) refers to stm32f4xx_hal.o(i.HAL_Init) for HAL_Init
    main.o(i.main) refers to main.o(i.SystemClock_Config) for SystemClock_Config
    main.o(i.main) refers to gpio.o(i.MX_GPIO_Init) for MX_GPIO_Init
    main.o(i.main) refers to dma.o(i.MX_DMA_Init) for MX_DMA_Init
    main.o(i.main) refers to spi.o(i.MX_SPI1_Init) for MX_SPI1_Init
    main.o(i.main) refers to tim.o(i.MX_TIM1_Init) for MX_TIM1_Init
    main.o(i.main) refers to tim.o(i.MX_TIM2_Init) for MX_TIM2_Init
    main.o(i.main) refers to tim.o(i.MX_TIM3_Init) for MX_TIM3_Init
    main.o(i.main) refers to usart.o(i.MX_UART5_Init) for MX_UART5_Init
    main.o(i.main) refers to usart.o(i.MX_USART1_UART_Init) for MX_USART1_UART_Init
    main.o(i.main) refers to tim.o(i.MX_TIM7_Init) for MX_TIM7_Init
    main.o(i.main) refers to iwdg.o(i.MX_IWDG_Init) for MX_IWDG_Init
    main.o(i.main) refers to tim.o(i.MX_TIM5_Init) for MX_TIM5_Init
    main.o(i.main) refers to tim.o(i.MX_TIM10_Init) for MX_TIM10_Init
    main.o(i.main) refers to tim.o(i.MX_TIM11_Init) for MX_TIM11_Init
    main.o(i.main) refers to usart.o(i.MX_USART3_UART_Init) for MX_USART3_UART_Init
    main.o(i.main) refers to maintask.o(i.Main_Init) for Main_Init
    main.o(i.main) refers to maintask.o(i.Main_Task) for Main_Task
    gpio.o(i.MX_GPIO_Init) refers to rt_memclr_w.o(.text) for __aeabi_memclr4
    gpio.o(i.MX_GPIO_Init) refers to stm32f4xx_hal_gpio.o(i.HAL_GPIO_WritePin) for HAL_GPIO_WritePin
    gpio.o(i.MX_GPIO_Init) refers to stm32f4xx_hal_gpio.o(i.HAL_GPIO_Init) for HAL_GPIO_Init
    gpio.o(i.MX_GPIO_Init) refers to stm32f4xx_hal_cortex.o(i.HAL_NVIC_SetPriority) for HAL_NVIC_SetPriority
    gpio.o(i.MX_GPIO_Init) refers to stm32f4xx_hal_cortex.o(i.HAL_NVIC_EnableIRQ) for HAL_NVIC_EnableIRQ
[...]
    .bss                                     0x20000508   Section      216  usart.o(.bss)
    .bss                                     0x200005e0   Section       48  port_lighteffect.o(.bss)
    .bss                                     0x20000610   Section       48  port_lighteffect.o(.bss)
    .bss                                     0x20000640   Section       48  port_lighteffect.o(.bss)
    .bss                                     0x20000670   Section     8124  commtask.o(.bss)
    ResendList_buffer                        0x20000688   Data        1600  commtask.o(.bss)
    DealList_buffer                          0x20000cc8   Data        1600  commtask.o(.bss)
    MesgTable                                0x20001308   Data        3584  commtask.o(.bss)
    rx1_buffer                               0x20002108   Data         512  commtask.o(.bss)
    rx3_buffer                               0x20002308   Data         512  commtask.o(.bss)
    Receive1_mesg                            0x20002508   Data          14  commtask.o(.bss)
    Receive3_mesg                            0x20002516   Data          14  commtask.o(.bss)
    .bss                                     0x2000262c   Section      264  ctrltask.o(.bss)
    .bss                                     0x20002734   Section       36  flashtask.o(.bss)
    .bss                                     0x20002758   Section     1408  keytask.o(.bss)
    .bss                                     0x20002cd8   Section     7552  lighttask.o(.bss)
    .bss                                     0x20004a58   Section       96  libspace.o(.bss)
    HEAP                                     0x20004ab8   Section     8192  startup_stm32f407xx.o(HEAP)
    Heap_Mem                                 0x20004ab8   Data        8192  startup_stm32f407xx.o(HEAP)
    STACK                                    0x20006ab8   Section     8192  startup_stm32f407xx.o(STACK)
    Stack_Mem                                0x20006ab8   Data        8192  startup_stm32f407xx.o(STACK)
    __initial_sp                             0x20008ab8   Data           0  startup_stm32f407xx.o(STACK)

    Global Symbols

    Symbol Name                              Value     Ov Type        Size  Object(Section)

    BuildAttributes$$THM_ISAv4$E$P$D$K$B$S$7EM$VFPi3$EXTD16$VFPS$VFMA$PE$A:L22UL41UL21$X:L11$S22US41US21$IEEE1$IW$USESV6$~STKCKD$USESV7$~SHL$OSPACE$ROPI$EBA8$UX$STANDARDLIB$REQ8$PRES8$EABIv2 0x00000000   Number         0  anon$$obj.o ABSOLUTE
    __ARM_use_no_argv                        0x00000000   Number         0  main.o ABSOLUTE
    __ARM_exceptions_init                     - Undefined Weak Reference
    __alloca_initialize                       - Undefined Weak Reference
    __arm_preinit_                            - Undefined Weak Reference
    __cpp_initialize__aeabi_                  - Undefined Weak Reference
    __cxa_finalize                            - Undefined Weak Reference
    __rt_locale                               - Undefined Weak Reference
    __sigvec_lookup                           - Undefined Weak Reference
    _atexit_init                              - Undefined Weak Reference
    _call_atexit_fns                          - Undefined Weak Reference
    _clock_init                               - Undefined Weak Reference
    _fp_trap_init                             - Undefined Weak Reference
    _fp_trap_shutdown                         - Undefined Weak Reference
    _get_lc_collate                           - Undefined Weak Reference
    _get_lc_ctype                             - Undefined Weak Reference
    _get_lc_monetary                          - Undefined Weak Reference
    _get_lc_numeric                           - Undefined Weak Reference
    _get_lc_time                              - Undefined Weak Reference
    _getenv_init                              - Undefined Weak Reference
    _handle_redirection                       - Undefined Weak Reference
    _init_alloc                               - Undefined Weak Reference
    _init_user_alloc                          - Undefined Weak Reference
    _initio                                   - Undefined Weak Reference
    _signal_finish                            - Undefined Weak Reference
    _signal_init                              - Undefined Weak Reference
    _terminate_alloc                          - Undefined Weak Reference
    _terminate_user_alloc                     - Undefined Weak Reference
    _terminateio                              - Undefined Weak Reference
    __Vectors_Size                           0x00000188   Number         0  startup_stm32f407xx.o ABSOLUTE
    __Vectors                                0x08000000   Data           4  startup_stm32f407xx.o(RESET)
    __Vectors_End                            0x08000188   Data           0  startup_stm32f407xx.o(RESET)
    __main                                   0x08000189   Thumb Code     8  __main.o(!!!main)
    __scatterload                            0x08000191   Thumb Code     0  __scatter.o(!!!scatter)
    __scatterload_rt2                        0x08000191   Thumb Code    44  __scatter.o(!!!scatter)
    __scatterload_rt2_thumb_only             0x08000191   Thumb Code     0  __scatter.o(!!!scatter)
    __scatterload_null                       0x0800019f   Thumb Code     0  __scatter.o(!!!scatter)
    __decompress                             0x080001c5   Thumb Code    90  __dczerorl2.o(!!dczerorl2)
    __decompress1                            0x080001c5   Thumb Code     0  __dczerorl2.o(!!dczerorl2)
    __scatterload_zeroinit                   0x08000221   Thumb Code    28  __scatter_zi.o(!!handler_zi)
    __rt_lib_init                            0x0800023d   Thumb Code     0  libinit.o(.ARM.Collect$$libinit$$00000000)
    __rt_lib_init_fp_1                       0x0800023f   Thumb Code     0  libinit2.o(.ARM.Collect$$libinit$$00000001)
    __rt_lib_init_alloca_1                   0x08000243   Thumb Code     0  libinit2.o(.ARM.Collect$$libinit$$0000002E)
    __rt_lib_init_argv_1                     0x08000243   Thumb Code     0  libinit2.o(.ARM.Collect$$libinit$$0000002C)
    __rt_lib_init_atexit_1                   0x08000243   Thumb Code     0  libinit2.o(.ARM.Collect$$libinit$$0000001B)
    __rt_lib_init_clock_1                    0x08000243   Thumb Code     0  libinit2.o(.ARM.Collect$$libinit$$00000021)
    __rt_lib_init_cpp_1                      0x08000243   Thumb Code     0  libinit2.o(.ARM.Collect$$libinit$$00000032)
    __rt_lib_init_exceptions_1               0x08000243   Thumb Code     0  libinit2.o(.ARM.Collect$$libinit$$00000030)
    __rt_lib_init_fp_trap_1                  0x08000243   Thumb Code     0  libinit2.o(.ARM.Collect$$libinit$$0000001F)
    __rt_lib_init_getenv_1                   0x08000243   Thumb Code     0  libinit2.o(.ARM.Collect$$libinit$$00000023)
    __rt_lib_init_heap_1                     0x08000243   Thumb Code     0  libinit2.o(.ARM.Collect$$libinit$$0000000A)
    __rt_lib_init_lc_collate_1               0x08000243   Thumb Code     0  libinit2.o(.ARM.Collect$$libinit$$00000011)
    __rt_lib_init_lc_ctype_1                 0x08000243   Thumb Code     0  libinit2.o(.ARM.Collect$$libinit$$00000013)
    __rt_lib_init_lc_monetary_1              0x08000243   Thumb Code     0  libinit2.o(.ARM.Collect$$libinit$$00000015)
    __rt_lib_init_lc_numeric_1               0x08000243   Thumb Code     0  libinit2.o(.ARM.Collect$$libinit$$00000017)
    __rt_lib_init_lc_time_1                  0x08000243   Thumb Code     0  libinit2.o(.ARM.Collect$$libinit$$00000019)
    __rt_lib_init_preinit_1                  0x08000243   Thumb Code     0  libinit2.o(.ARM.Collect$$libinit$$00000004)
    __rt_lib_init_rand_1                     0x08000243   Thumb Code     0  libinit2.o(.ARM.Collect$$libinit$$0000000E)
    __rt_lib_init_return                     0x08000243   Thumb Code     0  libinit2.o(.ARM.Collect$$libinit$$00000033)
    __rt_lib_init_signal_1                   0x08000243   Thumb Code     0  libinit2.o(.ARM.Collect$$libinit$$0000001D)
    __rt_lib_init_stdio_1                    0x08000243   Thumb Code     0  libinit2.o(.ARM.Collect$$libinit$$00000025)
    __rt_lib_init_user_alloc_1               0x08000243   Thumb Code     0  libinit2.o(.ARM.Collect$$libinit$$0000000C)
    __rt_lib_shutdown                        0x08000245   Thumb Code     0  libshutdown.o(.ARM.Collect$$libshutdown$$00000000)
    __rt_lib_shutdown_cpp_1                  0x08000247   Thumb Code     0  libshutdown2.o(.ARM.Collect$$libshutdown$$00000002)
    __rt_lib_shutdown_fp_trap_1              0x08000247   Thumb Code     0  libshutdown2.o(.ARM.Collect$$libshutdown$$00000007)
    __rt_lib_shutdown_heap_1                 0x08000247   Thumb Code     0  libshutdown2.o(.ARM.Collect$$libshutdown$$0000000F)
    __rt_lib_shutdown_return                 0x08000247   Thumb Code     0  libshutdown2.o(.ARM.Collect$$libshutdown$$00000010)
    __rt_lib_shutdown_signal_1               0x08000247   Thumb Code     0  libshutdown2.o(.ARM.Collect$$libshutdown$$0000000A)
    __rt_lib_shutdown_stdio_1                0x08000247   Thumb Code     0  libshutdown2.o(.ARM.Collect$$libshutdown$$00000004)
    __rt_lib_shutdown_user_alloc_1           0x08000247   Thumb Code     0  libshutdown2.o(.ARM.Collect$$libshutdown$$0000000C)
    __rt_entry                               0x08000249   Thumb Code     0  __rtentry.o(.ARM.Collect$$rtentry$$00000000)
    __rt_entry_presh_1                       0x08000249   Thumb Code     0  __rtentry2.o(.ARM.Collect$$rtentry$$00000002)
    __rt_entry_sh                            0x08000249   Thumb Code     0  __rtentry4.o(.ARM.Collect$$rtentry$$00000004)
    __rt_entry_li                            0x0800024f   Thumb Code     0  __rtentry2.o(.ARM.Collect$$rtentry$$0000000A)
    __rt_entry_postsh_1                      0x0800024f   Thumb Code     0  __rtentry2.o(.ARM.Collect$$rtentry$$00000009)
    __rt_entry_main                          0x08000253   Thumb Code     0  __rtentry2.o(.ARM.Collect$$rtentry$$0000000D)
    __rt_entry_postli_1                      0x08000253   Thumb Code     0  __rtentry2.o(.ARM.Collect$$rtentry$$0000000C)
    __rt_exit                                0x0800025b   Thumb Code     0  rtexit.o(.ARM.Collect$$rtexit$$00000000)
    __rt_exit_ls                             0x0800025d   Thumb Code     0  rtexit2.o(.ARM.Collect$$rtexit$$00000003)
    __rt_exit_prels_1                        0x0800025d   Thumb Code     0  rtexit2.o(.ARM.Collect$$rtexit$$00000002)
    __rt_exit_exit                           0x08000261   Thumb Code     0  rtexit2.o(.ARM.Collect$$rtexit$$00000004)
    Reset_Handler                            0x08000269   Thumb Code     8  startup_stm32f407xx.o(.text)
    ADC_IRQHandler                           0x08000283   Thumb Code     0  startup_stm32f407xx.o(.text)
    CAN1_RX0_IRQHandler                      0x08000283   Thumb Code     0  startup_stm32f407xx.o(.text)
    CAN1_RX1_IRQHandler                      0x08000283   Thumb Code     0  startup_stm32f407xx.o(.text)
    CAN1_SCE_IRQHandler                      0x08000283   Thumb Code     0  startup_stm32f407xx.o(.text)
    CAN1_TX_IRQHandler                       0x08000283   Thumb Code     0  startup_stm32f407xx.o(.text)
    CAN2_RX0_IRQHandler                      0x08000283   Thumb Code     0  startup_stm32f407xx.o(.text)
    CAN2_RX1_IRQHandler                      0x08000283   Thumb Code     0  startup_stm32f407xx.o(.text)
    CAN2_SCE_IRQHandler                      0x08000283   Thumb Code     0  startup_stm32f407xx.o(.text)
    CAN2_TX_IRQHandler                       0x08000283   Thumb Code     0  startup_stm32f407xx.o(.text)
    DCMI_IRQHandler                          0x08000283   Thumb Code     0  startup_stm32f407xx.o(.text)
    DMA1_Stream0_IRQHandler                  0x08000283   Thumb Code     0  startup_stm32f407xx.o(.text)
    DMA1_Stream1_IRQHandler                  0x08000283   Thumb Code     0  startup_stm32f407xx.o(.text)
    DMA1_Stream2_IRQHandler                  0x08000283   Thumb Code     0  startup_stm32f407xx.o(.text)
    DMA1_Stream3_IRQHandler                  0x08000283   Thumb Code     0  startup_stm32f407xx.o(.text)
    DMA1_Stream6_IRQHandler                  0x08000283   Thumb Code     0  startup_stm32f407xx.o(.text)
    DMA1_Stream7_IRQHandler                  0x08000283   Thumb Code     0  startup_stm32f407xx.o(.text)
    DMA2_Stream0_IRQHandler                  0x08000283   Thumb Code     0  startup_stm32f407xx.o(.text)
    DMA2_Stream1_IRQHandler                  0x08000283   Thumb Code     0  startup_stm32f407xx.o(.text)
    DMA2_Stream2_IRQHandler                  0x08000283   Thumb Code     0  startup_stm32f407xx.o(.text)
    DMA2_Stream3_IRQHandler                  0x08000283   Thumb Code     0  startup_stm32f407xx.o(.text)
    DMA2_Stream4_IRQHandler                  0x08000283   Thumb Code     0  startup_stm32f407xx.o(.text)
    DMA2_Stream5_IRQHandler                  0x08000283   Thumb Code     0  startup_stm32f407xx.o(.text)
    DMA2_Stream6_IRQHandler                  0x08000283   Thumb Code     0  startup_stm32f407xx.o(.text)
    DMA2_Stream7_IRQHandler                  0x08000283   Thumb Code     0  startup_stm32f407xx.o(.text)
    ETH_IRQHandler                           0x08000283   Thumb Code     0  startup_stm32f407xx.o(.text)
    ETH_WKUP_IRQHandler                      0x08000283   Thumb Code     0  startup_stm32f407xx.o(.text)
    EXTI15_10_IRQHandler                     0x08000283   Thumb Code     0  startup_stm32f407xx.o(.text)
    EXTI1_IRQHandler                         0x08000283   Thumb Code     0  startup_stm32f407xx.o(.text)
    FLASH_IRQHandler                         0x08000283   Thumb Code     0  startup_stm32f407xx.o(.text)
    FMC_IRQHandler                           0x08000283   Thumb Code     0  startup_stm32f407xx.o(.text)
    FPU_IRQHandler                           0x08000283   Thumb Code     0  startup_stm32f407xx.o(.text)
    HASH_RNG_IRQHandler                      0x08000283   Thumb Code     0  startup_stm32f407xx.o(.text)
    I2C1_ER_IRQHandler                       0x08000283   Thumb Code     0  startup_stm32f407xx.o(.text)
    I2C1_EV_IRQHandler                       0x08000283   Thumb Code     0  startup_stm32f407xx.o(.text)
    I2C2_ER_IRQHandler                       0x08000283   Thumb Code     0  startup_stm32f407xx.o(.text)
    I2C2_EV_IRQHandler                       0x08000283   Thumb Code     0  startup_stm32f407xx.o(.text)
    I2C3_ER_IRQHandler                       0x08000283   Thumb Code     0  startup_stm32f407xx.o(.text)
    I2C3_EV_IRQHandler                       0x08000283   Thumb Code     0  startup_stm32f407xx.o(.text)
    OTG_FS_IRQHandler                        0x08000283   Thumb Code     0  startup_stm32f407xx.o(.text)
    OTG_FS_WKUP_IRQHandler                   0x08000283   Thumb Code     0  startup_stm32f407xx.o(.text)
    OTG_HS_EP1_IN_IRQHandler                 0x08000283   Thumb Code     0  startup_stm32f407xx.o(.text)
    OTG_HS_EP1_OUT_IRQHandler                0x08000283   Thumb Code     0  startup_stm32f407xx.o(.text)
    OTG_HS_IRQHandler                        0x08000283   Thumb Code     0  startup_stm32f407xx.o(.text)
    OTG_HS_WKUP_IRQHandler                   0x08000283   Thumb Code     0  startup_stm32f407xx.o(.text)
    PVD_IRQHandler                           0x08000283   Thumb Code     0  startup_stm32f407xx.o(.text)
    RCC_IRQHandler                           0x08000283   Thumb Code     0  startup_stm32f407xx.o(.text)
    RTC_Alarm_IRQHandler                     0x08000283   Thumb Code     0  startup_stm32f407xx.o(.text)
    RTC_WKUP_IRQHandler                      0x08000283   Thumb Code     0  startup_stm32f407xx.o(.text)
    SDIO_IRQHandler                          0x08000283   Thumb Code     0  startup_stm32f407xx.o(.text)
    SPI1_IRQHandler                          0x08000283   Thumb Code     0  startup_stm32f407xx.o(.text)
    SPI2_IRQHandler                          0x08000283   Thumb Code     0  startup_stm32f407xx.o(.text)
    SPI3_IRQHandler                          0x08000283   Thumb Code     0  startup_stm32f407xx.o(.text)
    TAMP_STAMP_IRQHandler                    0x08000283   Thumb Code     0  startup_stm32f407xx.o(.text)
    TIM1_BRK_TIM9_IRQHandler                 0x08000283   Thumb Code     0  startup_stm32f407xx.o(.text)
    TIM1_CC_IRQHandler                       0x08000283   Thumb Code     0  startup_stm32f407xx.o(.text)
    TIM1_TRG_COM_TIM11_IRQHandler            0x08000283   Thumb Code     0  startup_stm32f407xx.o(.text)
    TIM1_UP_TIM10_IRQHandler                 0x08000283   Thumb Code     0  startup_stm32f407xx.o(.text)
    TIM2_IRQHandler                          0x08000283   Thumb Code     0  startup_stm32f407xx.o(.text)
    TIM3_IRQHandler                          0x08000283   Thumb Code     0  startup_stm32f407xx.o(.text)
    TIM4_IRQHandler                          0x08000283   Thumb Code     0  startup_stm32f407xx.o(.text)
    TIM5_IRQHandler                          0x08000283   Thumb Code     0  startup_stm32f407xx.o(.text)
    TIM6_DAC_IRQHandler                      0x08000283   Thumb Code     0  startup_stm32f407xx.o(.text)
    TIM7_IRQHandler                          0x08000283   Thumb Code     0  startup_stm32f407xx.o(.text)
    TIM8_BRK_TIM12_IRQHandler                0x08000283   Thumb Code     0  startup_stm32f407xx.o(.text)
    TIM8_CC_IRQHandler                       0x08000283   Thumb Code     0  startup_stm32f407xx.o(.text)
    TIM8_TRG_COM_TIM14_IRQHandler            0x08000283   Thumb Code     0  startup_stm32f407xx.o(.text)
    TIM8_UP_TIM13_IRQHandler                 0x08000283   Thumb Code     0  startup_stm32f407xx.o(.text)
    UART4_IRQHandler                         0x08000283   Thumb Code     0  startup_stm32f407xx.o(.text)
    UART5_IRQHandler                         0x08000283   Thumb Code     0  startup_stm32f407xx.o(.text)
    USART2_IRQHandler                        0x08000283   Thumb Code     0  startup_stm32f407xx.o(.text)
    USART6_IRQHandler                        0x08000283   Thumb Code     0  startup_stm32f407xx.o(.text)
    WWDG_IRQHandler                          0x08000283   Thumb Code     0  startup_stm32f407xx.o(.text)
    __user_initial_stackheap                 0x08000285   Thumb Code     0  startup_stm32f407xx.o(.text)
    __aeabi_uldivmod                         0x080002a9   Thumb Code     0  lludivv7m.o(.text)
    _ll_udiv                                 0x080002a9   Thumb Code   238  lludivv7m.o(.text)
    __aeabi_memcpy                           0x08000397   Thumb Code     0  rt_memcpy_v6.o(.text)
    __rt_memcpy                              0x08000397   Thumb Code   138  rt_memcpy_v6.o(.text)
    _memcpy_lastbytes                        0x080003fd   Thumb Code     0  rt_memcpy_v6.o(.text)
    __aeabi_memcpy4                          0x08000421   Thumb Code     0  rt_memcpy_w.o(.text)
    __aeabi_memcpy8                          0x08000421   Thumb Code     0  rt_memcpy_w.o(.text)
    __rt_memcpy_w                            0x08000421   Thumb Code   100  rt_memcpy_w.o(.text)
    _memcpy_lastbytes_aligned                0x08000469   Thumb Code     0  rt_memcpy_w.o(.text)
    __aeabi_memset                           0x08000485   Thumb Code    16  aeabi_memset.o(.text)
    __aeabi_memclr                           0x08000495   Thumb Code     0  rt_memclr.o(.text)
    __rt_memclr                              0x08000495   Thumb Code    68  rt_memclr.o(.text)
    _memset                                  0x08000499   Thumb Code     0  rt_memclr.o(.text)
    __aeabi_memclr4                          0x080004d9   Thumb Code     0  rt_memclr_w.o(.text)
    __aeabi_memclr8                          0x080004d9   Thumb Code     0  rt_memclr_w.o(.text)
    __rt_memclr_w                            0x080004d9   Thumb Code    78  rt_memclr_w.o(.text)
    _memset_w                                0x080004dd   Thumb Code     0  rt_memclr_w.o(.text)
    __use_two_region_memory                  0x08000527   Thumb Code     2  heapauxi.o(.text)
    __rt_heap_escrow$2region                 0x08000529   Thumb Code     2  heapauxi.o(.text)
    __rt_heap_expand$2region                 0x0800052b   Thumb Code     2  heapauxi.o(.text)
    __user_setup_stackheap                   0x0800052d   Thumb Code    74  sys_stackheap_outer.o(.text)
    exit                                     0x08000577   Thumb Code    18  exit.o(.text)
    __user_libspace                          0x08000589   Thumb Code     8  libspace.o(.text)
    __user_perproc_libspace                  0x08000589   Thumb Code     0  libspace.o(.text)
    __user_perthread_libspace                0x08000589   Thumb Code     0  libspace.o(.text)
    _sys_exit                                0x08000591   Thumb Code     8  sys_exit.o(.text)
    __I$use$semihosting                      0x0800059d   Thumb Code     0  use_no_semi.o(.text)
    __use_no_semihosting_swi                 0x0800059d   Thumb Code     2  use_no_semi.o(.text)
    BreathLight_Init                         0x0800059f   Thumb Code    40  port_lighteffect.o(i.BreathLight_Init)
    __semihosting_library_function           0x0800059f   Thumb Code     0  indicate_semi.o(.text)
    BreathLight_RefreshState                 0x080005c7   Thumb Code    24  port_lighteffect.o(i.BreathLight_RefreshState)
    BreathLight_SetLightKeep                 0x080005df   Thumb Code   100  port_lighteffect.o(i.BreathLight_SetLightKeep)
    BusFault_Handler                         0x08000643   Thumb Code     2  stm32f4xx_it.o(i.BusFault_Handler)
    CRC16_calculate                          0x08000645   Thumb Code    52  app_crc.o(i.CRC16_calculate)
    Card_Output                              0x08000685   Thumb Code    28  ctrltask.o(i.Card_Output)
    CommInit                                 0x080006a1   Thumb Code   172  commtask.o(i.CommInit)
    CommTask                                 0x08000779   Thumb Code    32  commtask.o(i.CommTask)
    Comm_SendMesg_FillData                   0x0800079d   Thumb Code    82  commtask.o(i.Comm_SendMesg_FillData)
    Comm_SendMesg_FillData_withResend        0x080007ef   Thumb Code   112  commtask.o(i.Comm_SendMesg_FillData_withResend)
    Communicate_Rx_Init                      0x08000861   Thumb Code    86  port_communicate.o(i.Communicate_Rx_Init)
    Communicate_Tx_Init                      0x080008bd   Thumb Code    22  port_communicate.o(i.Communicate_Tx_Init)
    CtrlTask                                 0x080008f1   Thumb Code   210  ctrltask.o(i.CtrlTask)
    DMA1_Stream4_IRQHandler                  0x08000a85   Thumb Code    20  stm32f4xx_it.o(i.DMA1_Stream4_IRQHandler)
    DMA1_Stream5_IRQHandler                  0x08000aa1   Thumb Code    20  stm32f4xx_it.o(i.DMA1_Stream5_IRQHandler)
    DebugMon_Handler                         0x08000b61   Thumb Code     2  stm32f4xx_it.o(i.DebugMon_Handler)
    Device_Init                              0x08000b65   Thumb Code   182  ctrltask.o(i.Device_Init)
    Device_Motor_Init                        0x08000c45   Thumb Code    74  port_device.o(i.Device_Motor_Init)
    Device_Servo_Init                        0x08000d1d   Thumb Code    52  port_device.o(i.Device_Servo_Init)
    Device_Switch_Init                       0x08000d79   Thumb Code    50  port_device.o(i.Device_Switch_Init)
    EXTI0_IRQHandler                         0x08000df1   Thumb Code     6  stm32f4xx_it.o(i.EXTI0_IRQHandler)
    EXTI2_IRQHandler                         0x08000df7   Thumb Code     6  stm32f4xx_it.o(i.EXTI2_IRQHandler)
    EXTI3_IRQHandler                         0x08000dfd   Thumb Code     6  stm32f4xx_it.o(i.EXTI3_IRQHandler)
    EXTI4_IRQHandler                         0x08000e03   Thumb Code     6  stm32f4xx_it.o(i.EXTI4_IRQHandler)
    EXTI9_5_IRQHandler                       0x08000e09   Thumb Code    18  stm32f4xx_it.o(i.EXTI9_5_IRQHandler)
    Error_Handler                            0x08000e1b   Thumb Code     4  main.o(i.Error_Handler)
    EventGroupCheckBits                      0x08000e1f   Thumb Code    14  port_event.o(i.EventGroupCheckBits)
    EventGroupClearBits                      0x08000e2d   Thumb Code     8  port_event.o(i.EventGroupClearBits)
    EventGroupSetBits                        0x08000e35   Thumb Code     8  port_event.o(i.EventGroupSetBits)
    FLASH_Erase_Sector                       0x08000e3d   Thumb Code    74  stm32f4xx_hal_flash_ex.o(i.FLASH_Erase_Sector)
    FLASH_FlushCaches                        0x08000e8d   Thumb Code    80  stm32f4xx_hal_flash_ex.o(i.FLASH_FlushCaches)
    FLASH_WaitForLastOperation               0x08001005   Thumb Code    72  stm32f4xx_hal_flash.o(i.FLASH_WaitForLastOperation)
    FlashTask                                0x08001055   Thumb Code    38  flashtask.o(i.FlashTask)
    FlashTask_Init                           0x08001085   Thumb Code    70  flashtask.o(i.FlashTask_Init)
    Flash_CleanData                          0x080010eb   Thumb Code     4  app_flash.o(i.Flash_CleanData)
    Flash_Init                               0x08001129   Thumb Code    18  port_flash.o(i.Flash_Init)
    Flash_ReadData                           0x0800115f   Thumb Code    26  app_flash.o(i.Flash_ReadData)
    Flash_WriteData                          0x08001191   Thumb Code    84  app_flash.o(i.Flash_WriteData)
    HAL_DMA_Abort                            0x080012d1   Thumb Code   146  stm32f4xx_hal_dma.o(i.HAL_DMA_Abort)
    HAL_DMA_Abort_IT                         0x08001363   Thumb Code    36  stm32f4xx_hal_dma.o(i.HAL_DMA_Abort_IT)
    HAL_DMA_IRQHandler                       0x08001389   Thumb Code   412  stm32f4xx_hal_dma.o(i.HAL_DMA_IRQHandler)
    HAL_DMA_Init                             0x08001529   Thumb Code   206  stm32f4xx_hal_dma.o(i.HAL_DMA_Init)
    HAL_DMA_Start_IT                         0x080015fd   Thumb Code   110  stm32f4xx_hal_dma.o(i.HAL_DMA_Start_IT)
    HAL_Delay                                0x0800166d   Thumb Code    32  stm32f4xx_hal.o(i.HAL_Delay)
    HAL_FLASHEx_Erase                        0x08001691   Thumb Code   144  stm32f4xx_hal_flash_ex.o(i.HAL_FLASHEx_Erase)
    HAL_FLASH_Lock                           0x08001729   Thumb Code    14  stm32f4xx_hal_flash.o(i.HAL_FLASH_Lock)
    HAL_FLASH_Program                        0x0800173d   Thumb Code   116  stm32f4xx_hal_flash.o(i.HAL_FLASH_Program)
    HAL_FLASH_Unlock                         0x080017b9   Thumb Code    32  stm32f4xx_hal_flash.o(i.HAL_FLASH_Unlock)
    HAL_GPIO_EXTI_Callback                   0x080017e5   Thumb Code   110  interrupttask.o(i.HAL_GPIO_EXTI_Callback)
    HAL_GPIO_EXTI_IRQHandler                 0x0800185d   Thumb Code    18  stm32f4xx_hal_gpio.o(i.HAL_GPIO_EXTI_IRQHandler)
    HAL_GPIO_Init                            0x08001875   Thumb Code   450  stm32f4xx_hal_gpio.o(i.HAL_GPIO_Init)
    HAL_GPIO_ReadPin                         0x08001a65   Thumb Code    10  stm32f4xx_hal_gpio.o(i.HAL_GPIO_ReadPin)
    HAL_GPIO_TogglePin                       0x08001a6f   Thumb Code    16  stm32f4xx_hal_gpio.o(i.HAL_GPIO_TogglePin)
    HAL_GPIO_WritePin                        0x08001a7f   Thumb Code    10  stm32f4xx_hal_gpio.o(i.HAL_GPIO_WritePin)
    HAL_GetTick                              0x08001a89   Thumb Code     6  stm32f4xx_hal.o(i.HAL_GetTick)
    HAL_IWDG_Init                            0x08001a95   Thumb Code    94  stm32f4xx_hal_iwdg.o(i.HAL_IWDG_Init)
    HAL_IWDG_Refresh                         0x08001af3   Thumb Code    12  stm32f4xx_hal_iwdg.o(i.HAL_IWDG_Refresh)
    HAL_IncTick                              0x08001b01   Thumb Code    12  stm32f4xx_hal.o(i.HAL_IncTick)
    HAL_Init                                 0x08001b11   Thumb Code    48  stm32f4xx_hal.o(i.HAL_Init)
    HAL_InitTick                             0x08001b45   Thumb Code    54  stm32f4xx_hal.o(i.HAL_InitTick)
    HAL_MspInit                              0x08001b85   Thumb Code    42  stm32f4xx_hal_msp.o(i.HAL_MspInit)
    HAL_NVIC_EnableIRQ                       0x08001bb5   Thumb Code    26  stm32f4xx_hal_cortex.o(i.HAL_NVIC_EnableIRQ)
    HAL_NVIC_SetPriority                     0x08001bd1   Thumb Code    60  stm32f4xx_hal_cortex.o(i.HAL_NVIC_SetPriority)
    HAL_NVIC_SetPriorityGrouping             0x08001c11   Thumb Code    26  stm32f4xx_hal_cortex.o(i.HAL_NVIC_SetPriorityGrouping)
    HAL_RCC_ClockConfig                      0x08001c35   Thumb Code   288  stm32f4xx_hal_rcc.o(i.HAL_RCC_ClockConfig)
    HAL_RCC_GetPCLK1Freq                     0x08001d69   Thumb Code    20  stm32f4xx_hal_rcc.o(i.HAL_RCC_GetPCLK1Freq)
    HAL_RCC_GetPCLK2Freq                     0x08001d89   Thumb Code    20  stm32f4xx_hal_rcc.o(i.HAL_RCC_GetPCLK2Freq)
    HAL_RCC_GetSysClockFreq                  0x08001da9   Thumb Code    88  stm32f4xx_hal_rcc.o(i.HAL_RCC_GetSysClockFreq)
    HAL_RCC_OscConfig                        0x08001e0d   Thumb Code   872  stm32f4xx_hal_rcc.o(i.HAL_RCC_OscConfig)
    HAL_SPI_Init                             0x08002189   Thumb Code   188  stm32f4xx_hal_spi.o(i.HAL_SPI_Init)
    HAL_SPI_MspInit                          0x08002245   Thumb Code    92  spi.o(i.HAL_SPI_MspInit)
    HAL_SYSTICK_Config                       0x080022ad   Thumb Code    40  stm32f4xx_hal_cortex.o(i.HAL_SYSTICK_Config)
    HAL_TIMEx_ConfigBreakDeadTime            0x080022d5   Thumb Code    84  stm32f4xx_hal_tim_ex.o(i.HAL_TIMEx_ConfigBreakDeadTime)
    HAL_TIMEx_MasterConfigSynchronization    0x08002329   Thumb Code   116  stm32f4xx_hal_tim_ex.o(i.HAL_TIMEx_MasterConfigSynchronization)
    HAL_TIM_Base_Init                        0x080023b9   Thumb Code    90  stm32f4xx_hal_tim.o(i.HAL_TIM_Base_Init)
    HAL_TIM_Base_MspInit                     0x08002415   Thumb Code   274  tim.o(i.HAL_TIM_Base_MspInit)
    HAL_TIM_Base_Start                       0x0800254d   Thumb Code    90  stm32f4xx_hal_tim.o(i.HAL_TIM_Base_Start)
    HAL_TIM_ConfigClockSource                0x080025c5   Thumb Code   220  stm32f4xx_hal_tim.o(i.HAL_TIM_ConfigClockSource)
    HAL_TIM_ErrorCallback                    0x080026a1   Thumb Code     2  stm32f4xx_hal_tim.o(i.HAL_TIM_ErrorCallback)
    HAL_TIM_MspPostInit                      0x080026a5   Thumb Code   296  tim.o(i.HAL_TIM_MspPostInit)
    HAL_TIM_PWM_ConfigChannel                0x080027f1   Thumb Code   204  stm32f4xx_hal_tim.o(i.HAL_TIM_PWM_ConfigChannel)
    HAL_TIM_PWM_Init                         0x080028bd   Thumb Code    90  stm32f4xx_hal_tim.o(i.HAL_TIM_PWM_Init)
    HAL_TIM_PWM_MspInit                      0x08002917   Thumb Code     2  stm32f4xx_hal_tim.o(i.HAL_TIM_PWM_MspInit)
    HAL_TIM_PWM_PulseFinishedCallback        0x08002919   Thumb Code     2  stm32f4xx_hal_tim.o(i.HAL_TIM_PWM_PulseFinishedCallback)
    HAL_TIM_PWM_PulseFinishedHalfCpltCallback 0x0800291b   Thumb Code     2  stm32f4xx_hal_tim.o(i.HAL_TIM_PWM_PulseFinishedHalfCpltCallback)
    HAL_TIM_PWM_Start                        0x0800291d   Thumb Code   172  stm32f4xx_hal_tim.o(i.HAL_TIM_PWM_Start)
    HAL_TIM_PWM_Start_DMA                    0x080029e5   Thumb Code   406  stm32f4xx_hal_tim.o(i.HAL_TIM_PWM_Start_DMA)
    HAL_TIM_PWM_Stop_DMA                     0x08002ba5   Thumb Code   196  stm32f4xx_hal_tim.o(i.HAL_TIM_PWM_Stop_DMA)
    HAL_UARTEx_RxEventCallback               0x08002c71   Thumb Code     2  stm32f4xx_hal_uart.o(i.HAL_UARTEx_RxEventCallback)
    HAL_UART_ErrorCallback                   0x08002c73   Thumb Code     2  stm32f4xx_hal_uart.o(i.HAL_UART_ErrorCallback)
    HAL_UART_IRQHandler                      0x08002c75   Thumb Code   636  stm32f4xx_hal_uart.o(i.HAL_UART_IRQHandler)
    HAL_UART_Init                            0x08002ef5   Thumb Code   100  stm32f4xx_hal_uart.o(i.HAL_UART_Init)
    HAL_UART_MspInit                         0x08002f59   Thumb Code   308  usart.o(i.HAL_UART_MspInit)
    HAL_UART_Receive_IT                      0x080030ad   Thumb Code    28  stm32f4xx_hal_uart.o(i.HAL_UART_Receive_IT)
    HAL_UART_RxCpltCallback                  0x080030c9   Thumb Code    74  interrupttask.o(i.HAL_UART_RxCpltCallback)
    HAL_UART_Transmit                        0x0800311d   Thumb Code   160  stm32f4xx_hal_uart.o(i.HAL_UART_Transmit)
    HAL_UART_TxCpltCallback                  0x080031bd   Thumb Code     2  stm32f4xx_hal_uart.o(i.HAL_UART_TxCpltCallback)
    HardFault_Handler                        0x080031bf   Thumb Code     2  stm32f4xx_it.o(i.HardFault_Handler)
    Hoolle_Output                            0x08003435   Thumb Code    34  ctrltask.o(i.Hoolle_Output)
    KeyAll_Init                              0x0800347d   Thumb Code    14  keytask.o(i.KeyAll_Init)
    Key_Init                                 0x0800348b   Thumb Code    88  port_key.o(i.Key_Init)
    Key_Scan                                 0x080034e7   Thumb Code   324  port_key.o(i.Key_Scan)
    Key_Task                                 0x08003671   Thumb Code    22  keytask.o(i.Key_Task)
    Keyboard_Init                            0x08003691   Thumb Code   128  keytask.o(i.Keyboard_Init)
    LightDerive_Init                         0x080037f9   Thumb Code    24  port_light.o(i.LightDerive_Init)
    LightEffectTimer_ISR                     0x08003815   Thumb Code    86  port_lighteffect.o(i.LightEffectTimer_ISR)
    LightEffect_Unblock_Flow                 0x08003871   Thumb Code   248  port_lighteffect.o(i.LightEffect_Unblock_Flow)
    LightEffect_Unblock_SetColor             0x08003969   Thumb Code    68  port_lighteffect.o(i.LightEffect_Unblock_SetColor)
    LightTask                                0x080039ad   Thumb Code   728  lighttask.o(i.LightTask)
    LightTask_Init                           0x08003c9d   Thumb Code   574  lighttask.o(i.LightTask_Init)
    List_AddNode                             0x08003f39   Thumb Code   118  app_list.o(i.List_AddNode)
    List_Create                              0x08003faf   Thumb Code    12  app_list.o(i.List_Create)
    List_DeleteNode                          0x08003fbb   Thumb Code    64  app_list.o(i.List_DeleteNode)
    List_IsExistID                           0x08003ffb   Thumb Code    22  app_list.o(i.List_IsExistID)
    MX_DMA_Init                              0x08004011   Thumb Code    56  dma.o(i.MX_DMA_Init)
    MX_GPIO_Init                             0x0800404d   Thumb Code   438  gpio.o(i.MX_GPIO_Init)
    MX_IWDG_Init                             0x0800421d   Thumb Code    36  iwdg.o(i.MX_IWDG_Init)
    MX_SPI1_Init                             0x08004249   Thumb Code    60  spi.o(i.MX_SPI1_Init)
    MX_TIM10_Init                            0x0800428d   Thumb Code    96  tim.o(i.MX_TIM10_Init)
    MX_TIM11_Init                            0x080042f5   Thumb Code    96  tim.o(i.MX_TIM11_Init)
    MX_TIM1_Init                             0x0800435d   Thumb Code   238  tim.o(i.MX_TIM1_Init)
    MX_TIM2_Init                             0x08004455   Thumb Code   188  tim.o(i.MX_TIM2_Init)
    MX_TIM3_Init                             0x08004515   Thumb Code   160  tim.o(i.MX_TIM3_Init)
    MX_TIM5_Init                             0x080045bd   Thumb Code   162  tim.o(i.MX_TIM5_Init)
    MX_TIM7_Init                             0x08004669   Thumb Code    62  tim.o(i.MX_TIM7_Init)
    MX_UART5_Init                            0x080046b1   Thumb Code    48  usart.o(i.MX_UART5_Init)
    MX_USART1_UART_Init                      0x080046e9   Thumb Code    48  usart.o(i.MX_USART1_UART_Init)
    MX_USART3_UART_Init                      0x08004721   Thumb Code    48  usart.o(i.MX_USART3_UART_Init)
    Main_Init                                0x08004759   Thumb Code    56  maintask.o(i.Main_Init)
    Main_Task                                0x08004799   Thumb Code    96  maintask.o(i.Main_Task)
    MemManage_Handler                        0x08004805   Thumb Code     2  stm32f4xx_it.o(i.MemManage_Handler)
    MesgDeal_Task                            0x08004809   Thumb Code    50  commtask.o(i.MesgDeal_Task)
    Mesg_Task                                0x08004841   Thumb Code   300  mesgtask.o(i.Mesg_Task)
    Motor_LosePower                          0x08004985   Thumb Code    62  app_device.o(i.Motor_LosePower)
    Motor_SetSpeed                           0x080049c3   Thumb Code   140  app_device.o(i.Motor_SetSpeed)
    Motor_Stop                               0x08004a4f   Thumb Code    68  app_device.o(i.Motor_Stop)
    NMI_Handler                              0x08004a93   Thumb Code     2  stm32f4xx_it.o(i.NMI_Handler)
    PendSV_Handler                           0x08004a95   Thumb Code     2  stm32f4xx_it.o(i.PendSV_Handler)
    RGB_CleanAll                             0x08004a99   Thumb Code    66  app_ws2812.o(i.RGB_CleanAll)
    RGB_FinishCallback                       0x08004ae1   Thumb Code    32  app_ws2812.o(i.RGB_FinishCallback)
    RGB_Flush                                0x08004b01   Thumb Code   648  app_ws2812.o(i.RGB_Flush)
    RGB_Init                                 0x08004d89   Thumb Code    68  app_ws2812.o(i.RGB_Init)
    RGB_LocalRefresh                         0x08004dcd   Thumb Code   726  app_ws2812.o(i.RGB_LocalRefresh)
    RGB_SetAllColor                          0x080050cf   Thumb Code    18  app_ws2812.o(i.RGB_SetAllColor)
    RGB_SetMoreColor                         0x080050e1   Thumb Code    44  app_ws2812.o(i.RGB_SetMoreColor)
    RGB_SetOneColor                          0x0800510d   Thumb Code    66  app_ws2812.o(i.RGB_SetOneColor)
    RegisterLight                            0x08005151   Thumb Code   152  port_lighteffect.o(i.RegisterLight)
    Resend_Task                              0x080051ed   Thumb Code    90  commtask.o(i.Resend_Task)
    ResumeSetting                            0x08005251   Thumb Code    12  flashtask.o(i.ResumeSetting)
    RingBuffer_Clear                         0x08005261   Thumb Code    14  app_ringbuf.o(i.RingBuffer_Clear)
    RingBuffer_Init                          0x08005291   Thumb Code    54  app_ringbuf.o(i.RingBuffer_Init)
    Rx_Receive                               0x08005449   Thumb Code   158  port_communicate.o(i.Rx_Receive)
    SVC_Handler                              0x080054e7   Thumb Code     2  stm32f4xx_it.o(i.SVC_Handler)
    SemaphoreGive                            0x080054e9   Thumb Code    18  app_ws2812.o(i.SemaphoreGive)
    SemaphoreTake                            0x080054fb   Thumb Code    16  app_ws2812.o(i.SemaphoreTake)
    Servo_SetAngle                           0x0800550b   Thumb Code    52  app_device.o(i.Servo_SetAngle)
    Switch_SetState                          0x0800553f   Thumb Code     4  app_device.o(i.Switch_SetState)
    SysTick_Handler                          0x08005543   Thumb Code    14  stm32f4xx_it.o(i.SysTick_Handler)
    SystemClock_Config                       0x08005551   Thumb Code   148  main.o(i.SystemClock_Config)
    SystemInit                               0x080055ed   Thumb Code    12  system_stm32f4xx.o(i.SystemInit)
    TIM_Base_SetConfig                       0x080055fd   Thumb Code   164  stm32f4xx_hal_tim.o(i.TIM_Base_SetConfig)
    TIM_CCxChannelCmd                        0x080056cd   Thumb Code    26  stm32f4xx_hal_tim.o(i.TIM_CCxChannelCmd)
    TIM_DMADelayPulseHalfCplt                0x08005745   Thumb Code    56  stm32f4xx_hal_tim.o(i.TIM_DMADelayPulseHalfCplt)
    TIM_DMAError                             0x0800577d   Thumb Code    84  stm32f4xx_hal_tim.o(i.TIM_DMAError)
    TIM_ETR_SetConfig                        0x080057d1   Thumb Code    20  stm32f4xx_hal_tim.o(i.TIM_ETR_SetConfig)
    TIM_OC2_SetConfig                        0x08005855   Thumb Code    98  stm32f4xx_hal_tim.o(i.TIM_OC2_SetConfig)
    UART_Start_Receive_IT                    0x08005be9   Thumb Code    54  stm32f4xx_hal_uart.o(i.UART_Start_Receive_IT)
    USART1_IRQHandler                        0x08005f7d   Thumb Code     6  stm32f4xx_it.o(i.USART1_IRQHandler)
    USART3_IRQHandler                        0x0800601d   Thumb Code     6  stm32f4xx_it.o(i.USART3_IRQHandler)
    UsageFault_Handler                       0x08006109   Thumb Code     2  stm32f4xx_it.o(i.UsageFault_Handler)
    main                                     0x0800612d   Thumb Code    78  main.o(i.main)
    _fp_init                                 0x0800617b   Thumb Code    10  fpinit.o(x$fpl$fpinit)
    __fplib_config_fpu_vfp                   0x08006183   Thumb Code     0  fpinit.o(x$fpl$fpinit)
    __fplib_config_pureend_doubles           0x08006183   Thumb Code     0  fpinit.o(x$fpl$fpinit)
    AHBPrescTable                            0x0800618c   Data          16  system_stm32f4xx.o(.constdata)
    APBPrescTable                            0x0800619c   Data           8  system_stm32f4xx.o(.constdata)
    Region$$Table$$Base                      0x080061a4   Number         0  anon$$obj.o(Region$$Table)
    Region$$Table$$Limit                     0x080061c4   Number         0  anon$$obj.o(Region$$Table)
    pFlash                                   0x20000000   Data          32  stm32f4xx_hal_flash.o(.data)
    uwTickFreq                               0x20000020   Data           1  stm32f4xx_hal.o(.data)
    uwTickPrio                               0x20000024   Data           4  stm32f4xx_hal.o(.data)
    uwTick                                   0x20000028   Data           4  stm32f4xx_hal.o(.data)
    SystemCoreClock                          0x2000002c   Data           4  system_stm32f4xx.o(.data)
    Color_table                              0x20000030   Data          30  app_ws2812.o(.data)
    LightTable                               0x20000050   Data          16  port_lighteffect.o(.data)
    LightBoard_Lightness                     0x2000011c   Data           1  lighttask.o(.data)
    Semaphore1                               0x2000011e   Data           2  lighttask.o(.data)
    Semaphore2                               0x20000120   Data           2  lighttask.o(.data)
    Light_BLUE                               0x2000012c   Data          32  lighttask.o(.data)
    Light_YELLOW                             0x2000014c   Data          32  lighttask.o(.data)
    BreathList                               0x200001cc   Data          16  lighttask.o(.data)
    Scene                                    0x200001dc   Data           1  maintask.o(.data)
    Event                                    0x200001e4   Data           4  maintask.o(.data)
    Mesg_event                               0x200001e8   Data           4  mesgtask.o(.data)
    hiwdg                                    0x200001ec   Data          12  iwdg.o(.bss)
    hspi1                                    0x200001f8   Data          88  spi.o(.bss)
    htim1                                    0x20000250   Data          72  tim.o(.bss)
    htim2                                    0x20000298   Data          72  tim.o(.bss)
    htim3                                    0x200002e0   Data          72  tim.o(.bss)
    htim5                                    0x20000328   Data          72  tim.o(.bss)
    htim7                                    0x20000370   Data          72  tim.o(.bss)
    htim10                                   0x200003b8   Data          72  tim.o(.bss)
    htim11                                   0x20000400   Data          72  tim.o(.bss)
    hdma_tim3_ch1_trig                       0x20000448   Data          96  tim.o(.bss)
    hdma_tim3_ch2                            0x200004a8   Data          96  tim.o(.bss)
    huart5                                   0x20000508   Data          72  usart.o(.bss)
    huart1                                   0x20000550   Data          72  usart.o(.bss)
    huart3                                   0x20000598   Data          72  usart.o(.bss)
    ColorLightList                           0x200005e0   Data          48  port_lighteffect.o(.bss)
    BreathLightList                          0x20000610   Data          48  port_lighteffect.o(.bss)
    NormalLightList                          0x20000640   Data          48  port_lighteffect.o(.bss)
    ResendList                               0x20000670   Data          12  commtask.o(.bss)
    DealList                                 0x2000067c   Data          12  commtask.o(.bss)
    Tx1                                      0x20002524   Data          20  commtask.o(.bss)
    Rx1                                      0x20002538   Data         112  commtask.o(.bss)
    Tx3                                      0x200025a8   Data          20  commtask.o(.bss)
    Rx3                                      0x200025bc   Data         112  commtask.o(.bss)
    Motor_Hoolle1                            0x2000262c   Data          48  ctrltask.o(.bss)
    Motor_Hoolle2                            0x2000265c   Data          48  ctrltask.o(.bss)
    Card                                     0x2000268c   Data          36  ctrltask.o(.bss)
    Servo1                                   0x200026b0   Data          32  ctrltask.o(.bss)
    Servo2                                   0x200026d0   Data          32  ctrltask.o(.bss)
    Servo3                                   0x200026f0   Data          32  ctrltask.o(.bss)
    Lock_Valve                               0x20002710   Data          36  ctrltask.o(.bss)
    hflash                                   0x20002734   Data          24  flashtask.o(.bss)
    Setting                                  0x2000274c   Data          12  flashtask.o(.bss)
    key                                      0x20002758   Data        1140  keytask.o(.bss)
    key_list                                 0x20002bcc   Data          76  keytask.o(.bss)
    keyboard                                 0x20002c18   Data         180  keytask.o(.bss)
    keyboard_list                            0x20002ccc   Data          12  keytask.o(.bss)
    Light1_RGBbuf                            0x20002cd8   Data         198  lighttask.o(.bss)
    Light1_CRRbuf                            0x20002d9e   Data        3504  lighttask.o(.bss)
    Light2_RGBbuf                            0x20003b4e   Data         177  lighttask.o(.bss)
    Light2_CRRbuf                            0x20003c00   Data        3168  lighttask.o(.bss)
    Light1                                   0x20004860   Data          36  lighttask.o(.bss)
    Light2                                   0x20004884   Data          36  lighttask.o(.bss)
    Light_B1                                 0x200048a8   Data          24  lighttask.o(.bss)
    Light_B2                                 0x200048c0   Data          24  lighttask.o(.bss)
    Light_B3                                 0x200048d8   Data          24  lighttask.o(.bss)
    Light_B4                                 0x200048f0   Data          24  lighttask.o(.bss)
    Light_B5                                 0x20004908   Data          24  lighttask.o(.bss)
    Light_B6                                 0x20004920   Data          24  lighttask.o(.bss)
    Light_B7                                 0x20004938   Data          24  lighttask.o(.bss)
    Light_B8                                 0x20004950   Data          24  lighttask.o(.bss)
    Light_Y1                                 0x20004968   Data          24  lighttask.o(.bss)
    Light_Y2                                 0x20004980   Data          24  lighttask.o(.bss)
    Light_Y3                                 0x20004998   Data          24  lighttask.o(.bss)
    Light_Y4                                 0x200049b0   Data          24  lighttask.o(.bss)
    Light_Y5                                 0x200049c8   Data          24  lighttask.o(.bss)
    Light_Y6                                 0x200049e0   Data          24  lighttask.o(.bss)
    Light_Y7                                 0x200049f8   Data          24  lighttask.o(.bss)
    Light_Y8                                 0x20004a10   Data          24  lighttask.o(.bss)
    Light_P3                                 0x20004a28   Data          24  lighttask.o(.bss)
    Light_P1_2                               0x20004a40   Data          24  lighttask.o(.bss)
    __libspace_start                         0x20004a58   Data          96  libspace.o(.bss)
    __temporary_stack_top$libspace           0x20004ab8   Data           0  libspace.o(.bss)



==============================================================================

Memory Map of the image

  Image Entry point : 0x08000189

  Load Region LR_IROM1 (Base: 0x08000000, Size: 0x000063b0, Max: 0x00100000, ABSOLUTE, COMPRESSED[0x000062a8])

    Execution Region ER_IROM1 (Exec base: 0x08000000, Load base: 0x08000000, Size: 0x000061c4, Max: 0x00100000, ABSOLUTE)

    Exec Addr    Load Addr    Size         Type   Attr      Idx    E Section Name        Object

    0x08000000   0x08000000   0x00000188   Data   RO            3    RESET               startup_stm32f407xx.o
    0x08000188   0x08000188   0x00000008   Code   RO         4998  * !!!main             c_w.l(__main.o)
    0x08000190   0x08000190   0x00000034   Code   RO         5167    !!!scatter          c_w.l(__scatter.o)
    0x080001c4   0x080001c4   0x0000005a   Code   RO         5165    !!dczerorl2         c_w.l(__dczerorl2.o)
    0x0800021e   0x0800021e   0x00000002   PAD
    0x08000220   0x08000220   0x0000001c   Code   RO         5169    !!handler_zi        c_w.l(__scatter_zi.o)
    0x0800023c   0x0800023c   0x00000002   Code   RO         5088    .ARM.Collect$$libinit$$00000000  c_w.l(libinit.o)
    0x0800023e   0x0800023e   0x00000004   Code   RO         5005    .ARM.Collect$$libinit$$00000001  c_w.l(libinit2.o)
    0x08000242   0x08000242   0x00000000   Code   RO         5008    .ARM.Collect$$libinit$$00000004  c_w.l(libinit2.o)
    0x08000242   0x08000242   0x00000000   Code   RO         5011    .ARM.Collect$$libinit$$0000000A  c_w.l(libinit2.o)
    0x08000242   0x08000242   0x00000000   Code   RO         5013    .ARM.Collect$$libinit$$0000000C  c_w.l(libinit2.o)
    0x08000242   0x08000242   0x00000000   Code   RO         5015    .ARM.Collect$$libinit$$0000000E  c_w.l(libinit2.o)
    0x08000242   0x08000242   0x00000000   Code   RO         5018    .ARM.Collect$$libinit$$00000011  c_w.l(libinit2.o)
    0x08000242   0x08000242   0x00000000   Code   RO         5020    .ARM.Collect$$libinit$$00000013  c_w.l(libinit2.o)
    0x08000242   0x08000242   0x00000000   Code   RO         5022    .ARM.Collect$$libinit$$00000015  c_w.l(libinit2.o)
    0x08000242   0x08000242   0x00000000   Code   RO         5024    .ARM.Collect$$libinit$$00000017  c_w.l(libinit2.o)
    0x08000242   0x08000242   0x00000000   Code   RO         5026    .ARM.Collect$$libinit$$00000019  c_w.l(libinit2.o)
    0x08000242   0x08000242   0x00000000   Code   RO         5028    .ARM.Collect$$libinit$$0000001B  c_w.l(libinit2.o)
    0x08000242   0x08000242   0x00000000   Code   RO         5030    .ARM.Collect$$libinit$$0000001D  c_w.l(libinit2.o)
    0x08000242   0x08000242   0x00000000   Code   RO         5032    .ARM.Collect$$libinit$$0000001F  c_w.l(libinit2.o)
    0x08000242   0x08000242   0x00000000   Code   RO         5034    .ARM.Collect$$libinit$$00000021  c_w.l(libinit2.o)
    0x08000242   0x08000242   0x00000000   Code   RO         5036    .ARM.Collect$$libinit$$00000023  c_w.l(libinit2.o)
    0x08000242   0x08000242   0x00000000   Code   RO         5038    .ARM.Collect$$libinit$$00000025  c_w.l(libinit2.o)
    0x08000242   0x08000242   0x00000000   Code   RO         5042    .ARM.Collect$$libinit$$0000002C  c_w.l(libinit2.o)
    0x08000242   0x08000242   0x00000000   Code   RO         5044    .ARM.Collect$$libinit$$0000002E  c_w.l(libinit2.o)
    0x08000242   0x08000242   0x00000000   Code   RO         5046    .ARM.Collect$$libinit$$00000030  c_w.l(libinit2.o)
    0x08000242   0x08000242   0x00000000   Code   RO         5048    .ARM.Collect$$libinit$$00000032  c_w.l(libinit2.o)
    0x08000242   0x08000242   0x00000002   Code   RO         5049    .ARM.Collect$$libinit$$00000033  c_w.l(libinit2.o)
    0x08000244   0x08000244   0x00000002   Code   RO         5132    .ARM.Collect$$libshutdown$$00000000  c_w.l(libshutdown.o)
    0x08000246   0x08000246   0x00000000   Code   RO         5148    .ARM.Collect$$libshutdown$$00000002  c_w.l(libshutdown2.o)
    0x08000246   0x08000246   0x00000000   Code   RO         5150    .ARM.Collect$$libshutdown$$00000004  c_w.l(libshutdown2.o)
    0x08000246   0x08000246   0x00000000   Code   RO         5153    .ARM.Collect$$libshutdown$$00000007  c_w.l(libshutdown2.o)
    0x08000246   0x08000246   0x00000000   Code   RO         5156    .ARM.Collect$$libshutdown$$0000000A  c_w.l(libshutdown2.o)
    0x08000246   0x08000246   0x00000000   Code   RO         5158    .ARM.Collect$$libshutdown$$0000000C  c_w.l(libshutdown2.o)
    0x08000246   0x08000246   0x00000000   Code   RO         5161    .ARM.Collect$$libshutdown$$0000000F  c_w.l(libshutdown2.o)
    0x08000246   0x08000246   0x00000002   Code   RO         5162    .ARM.Collect$$libshutdown$$00000010  c_w.l(libshutdown2.o)
    0x08000248   0x08000248   0x00000000   Code   RO         5000    .ARM.Collect$$rtentry$$00000000  c_w.l(__rtentry.o)
    0x08000248   0x08000248   0x00000000   Code   RO         5051    .ARM.Collect$$rtentry$$00000002  c_w.l(__rtentry2.o)
    0x08000248   0x08000248   0x00000006   Code   RO         5063    .ARM.Collect$$rtentry$$00000004  c_w.l(__rtentry4.o)
    0x0800024e   0x0800024e   0x00000000   Code   RO         5053    .ARM.Collect$$rtentry$$00000009  c_w.l(__rtentry2.o)
    0x0800024e   0x0800024e   0x00000004   Code   RO         5054    .ARM.Collect$$rtentry$$0000000A  c_w.l(__rtentry2.o)
    0x08000252   0x08000252   0x00000000   Code   RO         5056    .ARM.Collect$$rtentry$$0000000C  c_w.l(__rtentry2.o)
    0x08000252   0x08000252   0x00000008   Code   RO         5057    .ARM.Collect$$rtentry$$0000000D  c_w.l(__rtentry2.o)
    0x0800025a   0x0800025a   0x00000002   Code   RO         5094    .ARM.Collect$$rtexit$$00000000  c_w.l(rtexit.o)
    0x0800025c   0x0800025c   0x00000000   Code   RO         5114    .ARM.Collect$$rtexit$$00000002  c_w.l(rtexit2.o)
    0x0800025c   0x0800025c   0x00000004   Code   RO         5115    .ARM.Collect$$rtexit$$00000003  c_w.l(rtexit2.o)
    0x08000260   0x08000260   0x00000006   Code   RO         5116    .ARM.Collect$$rtexit$$00000004  c_w.l(rtexit2.o)
    0x08000266   0x08000266   0x00000002   PAD
    0x08000268   0x08000268   0x00000040   Code   RO            4    .text               startup_stm32f407xx.o
    0x080002a8   0x080002a8   0x000000ee   Code   RO         4979    .text               c_w.l(lludivv7m.o)
    0x08000396   0x08000396   0x0000008a   Code   RO         4986    .text               c_w.l(rt_memcpy_v6.o)
    0x08000420   0x08000420   0x00000064   Code   RO         4988    .text               c_w.l(rt_memcpy_w.o)
    0x08000484   0x08000484   0x00000010   Code   RO         4990    .text               c_w.l(aeabi_memset.o)
    0x08000494   0x08000494   0x00000044   Code   RO         4992    .text               c_w.l(rt_memclr.o)
    0x080004d8   0x080004d8   0x0000004e   Code   RO         4994    .text               c_w.l(rt_memclr_w.o)
    0x08000526   0x08000526   0x00000006   Code   RO         4996    .text               c_w.l(heapauxi.o)
    0x0800052c   0x0800052c   0x0000004a   Code   RO         5071    .text               c_w.l(sys_stackheap_outer.o)
    0x08000576   0x08000576   0x00000012   Code   RO         5073    .text               c_w.l(exit.o)
    0x08000588   0x08000588   0x00000008   Code   RO         5091    .text               c_w.l(libspace.o)
    0x08000590   0x08000590   0x0000000c   Code   RO         5108    .text               c_w.l(sys_exit.o)
    0x0800059c   0x0800059c   0x00000002   Code   RO         5110    .text               c_w.l(use_no_semi.o)
    0x0800059e   0x0800059e   0x00000000   Code   RO         5112    .text               c_w.l(indicate_semi.o)
    0x0800059e   0x0800059e   0x00000028   Code   RO         4250    i.BreathLight_Init  port_lighteffect.o
    0x080005c6   0x080005c6   0x00000018   Code   RO         4251    i.BreathLight_RefreshState  port_lighteffect.o
    0x080005de   0x080005de   0x00000064   Code   RO         4254    i.BreathLight_SetLightKeep  port_lighteffect.o
    0x08000642   0x08000642   0x00000002   Code   RO          441    i.BusFault_Handler  stm32f4xx_it.o
    0x08000644   0x08000644   0x00000034   Code   RO         3484    i.CRC16_calculate   app_crc.o
    0x08000678   0x08000678   0x0000000c   Code   RO         4624    i.CardMotorTimeout_callback  ctrltask.o
    0x08000684   0x08000684   0x0000001c   Code   RO         4625    i.Card_Output       ctrltask.o
    0x080006a0   0x080006a0   0x000000d8   Code   RO         4520    i.CommInit          commtask.o
    0x08000778   0x08000778   0x00000024   Code   RO         4521    i.CommTask          commtask.o
    0x0800079c   0x0800079c   0x00000052   Code   RO         4522    i.Comm_SendMesg_FillData  commtask.o
    0x080007ee   0x080007ee   0x00000070   Code   RO         4523    i.Comm_SendMesg_FillData_withResend  commtask.o
    0x0800085e   0x0800085e   0x00000002   PAD
    0x08000860   0x08000860   0x0000005c   Code   RO         3903    i.Communicate_Rx_Init  port_communicate.o
    0x080008bc   0x080008bc   0x0000001c   Code   RO         3904    i.Communicate_Tx_Init  port_communicate.o
    0x080008d8   0x080008d8   0x00000016   Code   RO         3905    i.Communicate_Tx_Transmit  port_communicate.o
    0x080008ee   0x080008ee   0x00000002   PAD
    0x080008f0   0x080008f0   0x000000dc   Code   RO         4626    i.CtrlTask          ctrltask.o
    0x080009cc   0x080009cc   0x000000b8   Code   RO         4627    i.Ctrl_HoolleMotor  ctrltask.o
    0x08000a84   0x08000a84   0x0000001c   Code   RO          442    i.DMA1_Stream4_IRQHandler  stm32f4xx_it.o
    0x08000aa0   0x08000aa0   0x0000001c   Code   RO          443    i.DMA1_Stream5_IRQHandler  stm32f4xx_it.o
    0x08000abc   0x08000abc   0x00000028   Code   RO         1097    i.DMA_CalcBaseAndBitshift  stm32f4xx_hal_dma.o
    0x08000ae4   0x08000ae4   0x00000054   Code   RO         1098    i.DMA_CheckFifoParam  stm32f4xx_hal_dma.o
    0x08000b38   0x08000b38   0x00000028   Code   RO         1099    i.DMA_SetConfig     stm32f4xx_hal_dma.o
    0x08000b60   0x08000b60   0x00000002   Code   RO          444    i.DebugMon_Handler  stm32f4xx_it.o
    0x08000b62   0x08000b62   0x00000002   PAD
    0x08000b64   0x08000b64   0x000000d0   Code   RO         4628    i.Device_Init       ctrltask.o
    0x08000c34   0x08000c34   0x0000000e   Code   RO         3947    i.Device_Motor_GetRuntime  port_device.o
    0x08000c42   0x08000c42   0x00000002   PAD
    0x08000c44   0x08000c44   0x00000060   Code   RO         3948    i.Device_Motor_Init  port_device.o
    0x08000ca4   0x08000ca4   0x0000000c   Code   RO         3949    i.Device_Motor_LosePower  port_device.o
    0x08000cb0   0x08000cb0   0x0000000c   Code   RO         3950    i.Device_Motor_ResetRuntime  port_device.o
    0x08000cbc   0x08000cbc   0x0000001e   Code   RO         3951    i.Device_Motor_SetSpeed  port_device.o
    0x08000cda   0x08000cda   0x0000000c   Code   RO         3952    i.Device_Motor_Stop  port_device.o
    0x08000ce6   0x08000ce6   0x0000001c   Code   RO         3953    i.Device_Servo_DecreaseAngle  port_device.o
    0x08000d02   0x08000d02   0x00000004   Code   RO         3954    i.Device_Servo_GetAngle  port_device.o
    0x08000d06   0x08000d06   0x00000016   Code   RO         3955    i.Device_Servo_IncreaseAngle  port_device.o
    0x08000d1c   0x08000d1c   0x00000044   Code   RO         3956    i.Device_Servo_Init  port_device.o
    0x08000d60   0x08000d60   0x0000000a   Code   RO         3957    i.Device_Servo_SetAngle  port_device.o
    0x08000d6a   0x08000d6a   0x0000000e   Code   RO         3958    i.Device_Switch_GetRuntime  port_device.o
    0x08000d78   0x08000d78   0x00000044   Code   RO         3959    i.Device_Switch_Init  port_device.o
    0x08000dbc   0x08000dbc   0x00000012   Code   RO         3960    i.Device_Switch_Off  port_device.o
    0x08000dce   0x08000dce   0x00000016   Code   RO         3961    i.Device_Switch_On  port_device.o
    0x08000de4   0x08000de4   0x0000000c   Code   RO         3962    i.Device_Switch_ResetRuntime  port_device.o
    0x08000df0   0x08000df0   0x00000006   Code   RO          445    i.EXTI0_IRQHandler  stm32f4xx_it.o
    0x08000df6   0x08000df6   0x00000006   Code   RO          446    i.EXTI2_IRQHandler  stm32f4xx_it.o
    0x08000dfc   0x08000dfc   0x00000006   Code   RO          447    i.EXTI3_IRQHandler  stm32f4xx_it.o
    0x08000e02   0x08000e02   0x00000006   Code   RO          448    i.EXTI4_IRQHandler  stm32f4xx_it.o
    0x08000e08   0x08000e08   0x00000012   Code   RO          449    i.EXTI9_5_IRQHandler  stm32f4xx_it.o
    0x08000e1a   0x08000e1a   0x00000004   Code   RO           13    i.Error_Handler     main.o
    0x08000e1e   0x08000e1e   0x0000000e   Code   RO         4104    i.EventGroupCheckBits  port_event.o
    0x08000e2c   0x08000e2c   0x00000008   Code   RO         4105    i.EventGroupClearBits  port_event.o
    0x08000e34   0x08000e34   0x00000008   Code   RO         4107    i.EventGroupSetBits  port_event.o
    0x08000e3c   0x08000e3c   0x00000050   Code   RO          912    i.FLASH_Erase_Sector  stm32f4xx_hal_flash_ex.o
    0x08000e8c   0x08000e8c   0x00000054   Code   RO          913    i.FLASH_FlushCaches  stm32f4xx_hal_flash_ex.o
    0x08000ee0   0x08000ee0   0x00000028   Code   RO          914    i.FLASH_MassErase   stm32f4xx_hal_flash_ex.o
    0x08000f08   0x08000f08   0x00000020   Code   RO          794    i.FLASH_Program_Byte  stm32f4xx_hal_flash.o
    0x08000f28   0x08000f28   0x0000002c   Code   RO          795    i.FLASH_Program_DoubleWord  stm32f4xx_hal_flash.o
    0x08000f54   0x08000f54   0x00000024   Code   RO          796    i.FLASH_Program_HalfWord  stm32f4xx_hal_flash.o
    0x08000f78   0x08000f78   0x00000024   Code   RO          797    i.FLASH_Program_Word  stm32f4xx_hal_flash.o
    0x08000f9c   0x08000f9c   0x00000068   Code   RO          798    i.FLASH_SetErrorCode  stm32f4xx_hal_flash.o
    0x08001004   0x08001004   0x00000050   Code   RO          799    i.FLASH_WaitForLastOperation  stm32f4xx_hal_flash.o
    0x08001054   0x08001054   0x00000030   Code   RO         4692    i.FlashTask         flashtask.o
    0x08001084   0x08001084   0x00000050   Code   RO         4693    i.FlashTask_Init    flashtask.o
    0x080010d4   0x080010d4   0x00000016   Code   RO         4146    i.Flash_Clean       port_flash.o
    0x080010ea   0x080010ea   0x00000004   Code   RO         3570    i.Flash_CleanData   app_flash.o
    0x080010ee   0x080010ee   0x0000003a   Code   RO         3571    i.Flash_Erase       app_flash.o
    0x08001128   0x08001128   0x00000020   Code   RO         4147    i.Flash_Init        port_flash.o
    0x08001148   0x08001148   0x00000016   Code   RO         4148    i.Flash_Read        port_flash.o
    0x0800115e   0x0800115e   0x0000001a   Code   RO         3572    i.Flash_ReadData    app_flash.o
    0x08001178   0x08001178   0x00000018   Code   RO         4149    i.Flash_Write       port_flash.o
    0x08001190   0x08001190   0x00000054   Code   RO         3573    i.Flash_WriteData   app_flash.o
    0x080011e4   0x080011e4   0x0000001a   Code   RO         3622    i.FreeNode          app_list.o
    0x080011fe   0x080011fe   0x00000002   PAD
    0x08001200   0x08001200   0x000000d0   Code   RO         3574    i.GetSector         app_flash.o
    0x080012d0   0x080012d0   0x00000092   Code   RO         1100    i.HAL_DMA_Abort     stm32f4xx_hal_dma.o
    0x08001362   0x08001362   0x00000024   Code   RO         1101    i.HAL_DMA_Abort_IT  stm32f4xx_hal_dma.o
    0x08001386   0x08001386   0x00000002   PAD
    0x08001388   0x08001388   0x000001a0   Code   RO         1105    i.HAL_DMA_IRQHandler  stm32f4xx_hal_dma.o
    0x08001528   0x08001528   0x000000d4   Code   RO         1106    i.HAL_DMA_Init      stm32f4xx_hal_dma.o
    0x080015fc   0x080015fc   0x0000006e   Code   RO         1110    i.HAL_DMA_Start_IT  stm32f4xx_hal_dma.o
    0x0800166a   0x0800166a   0x00000002   PAD
    0x0800166c   0x0800166c   0x00000024   Code   RO         1537    i.HAL_Delay         stm32f4xx_hal.o
    0x08001690   0x08001690   0x00000098   Code   RO          915    i.HAL_FLASHEx_Erase  stm32f4xx_hal_flash_ex.o
    0x08001728   0x08001728   0x00000014   Code   RO          803    i.HAL_FLASH_Lock    stm32f4xx_hal_flash.o
    0x0800173c   0x0800173c   0x0000007c   Code   RO          808    i.HAL_FLASH_Program  stm32f4xx_hal_flash.o
    0x080017b8   0x080017b8   0x0000002c   Code   RO          810    i.HAL_FLASH_Unlock  stm32f4xx_hal_flash.o
    0x080017e4   0x080017e4   0x00000078   Code   RO         4734    i.HAL_GPIO_EXTI_Callback  interrupttask.o
    0x0800185c   0x0800185c   0x00000018   Code   RO          992    i.HAL_GPIO_EXTI_IRQHandler  stm32f4xx_hal_gpio.o
    0x08001874   0x08001874   0x000001f0   Code   RO          993    i.HAL_GPIO_Init     stm32f4xx_hal_gpio.o
    0x08001a64   0x08001a64   0x0000000a   Code   RO          995    i.HAL_GPIO_ReadPin  stm32f4xx_hal_gpio.o
    0x08001a6e   0x08001a6e   0x00000010   Code   RO          996    i.HAL_GPIO_TogglePin  stm32f4xx_hal_gpio.o
    0x08001a7e   0x08001a7e   0x0000000a   Code   RO          997    i.HAL_GPIO_WritePin  stm32f4xx_hal_gpio.o
    0x08001a88   0x08001a88   0x0000000c   Code   RO         1543    i.HAL_GetTick       stm32f4xx_hal.o
    0x08001a94   0x08001a94   0x0000005e   Code   RO          608    i.HAL_IWDG_Init     stm32f4xx_hal_iwdg.o
    0x08001af2   0x08001af2   0x0000000c   Code   RO          609    i.HAL_IWDG_Refresh  stm32f4xx_hal_iwdg.o
    0x08001afe   0x08001afe   0x00000002   PAD
    0x08001b00   0x08001b00   0x00000010   Code   RO         1549    i.HAL_IncTick       stm32f4xx_hal.o
    0x08001b10   0x08001b10   0x00000034   Code   RO         1550    i.HAL_Init          stm32f4xx_hal.o
    0x08001b44   0x08001b44   0x00000040   Code   RO         1551    i.HAL_InitTick      stm32f4xx_hal.o
    0x08001b84   0x08001b84   0x00000030   Code   RO          584    i.HAL_MspInit       stm32f4xx_hal_msp.o
    0x08001bb4   0x08001bb4   0x0000001a   Code   RO         1385    i.HAL_NVIC_EnableIRQ  stm32f4xx_hal_cortex.o
    0x08001bce   0x08001bce   0x00000002   PAD
    0x08001bd0   0x08001bd0   0x00000040   Code   RO         1391    i.HAL_NVIC_SetPriority  stm32f4xx_hal_cortex.o
    0x08001c10   0x08001c10   0x00000024   Code   RO         1392    i.HAL_NVIC_SetPriorityGrouping  stm32f4xx_hal_cortex.o
    0x08001c34   0x08001c34   0x00000134   Code   RO          639    i.HAL_RCC_ClockConfig  stm32f4xx_hal_rcc.o
    0x08001d68   0x08001d68   0x00000020   Code   RO          646    i.HAL_RCC_GetPCLK1Freq  stm32f4xx_hal_rcc.o
    0x08001d88   0x08001d88   0x00000020   Code   RO          647    i.HAL_RCC_GetPCLK2Freq  stm32f4xx_hal_rcc.o
    0x08001da8   0x08001da8   0x00000064   Code   RO          648    i.HAL_RCC_GetSysClockFreq  stm32f4xx_hal_rcc.o
    0x08001e0c   0x08001e0c   0x0000037c   Code   RO          651    i.HAL_RCC_OscConfig  stm32f4xx_hal_rcc.o
    0x08002188   0x08002188   0x000000bc   Code   RO         1799    i.HAL_SPI_Init      stm32f4xx_hal_spi.o
    0x08002244   0x08002244   0x00000068   Code   RO          262    i.HAL_SPI_MspInit   spi.o
    0x080022ac   0x080022ac   0x00000028   Code   RO         1396    i.HAL_SYSTICK_Config  stm32f4xx_hal_cortex.o
    0x080022d4   0x080022d4   0x00000054   Code   RO         2819    i.HAL_TIMEx_ConfigBreakDeadTime  stm32f4xx_hal_tim_ex.o
    0x08002328   0x08002328   0x00000090   Code   RO         2835    i.HAL_TIMEx_MasterConfigSynchronization  stm32f4xx_hal_tim_ex.o
    0x080023b8   0x080023b8   0x0000005a   Code   RO         2112    i.HAL_TIM_Base_Init  stm32f4xx_hal_tim.o
    0x08002412   0x08002412   0x00000002   PAD
    0x08002414   0x08002414   0x00000138   Code   RO          304    i.HAL_TIM_Base_MspInit  tim.o
    0x0800254c   0x0800254c   0x00000078   Code   RO         2115    i.HAL_TIM_Base_Start  stm32f4xx_hal_tim.o
    0x080025c4   0x080025c4   0x000000dc   Code   RO         2121    i.HAL_TIM_ConfigClockSource  stm32f4xx_hal_tim.o
    0x080026a0   0x080026a0   0x00000002   Code   RO         2142    i.HAL_TIM_ErrorCallback  stm32f4xx_hal_tim.o
    0x080026a2   0x080026a2   0x00000002   PAD
    0x080026a4   0x080026a4   0x0000014c   Code   RO          305    i.HAL_TIM_MspPostInit  tim.o
    0x080027f0   0x080027f0   0x000000cc   Code   RO         2184    i.HAL_TIM_PWM_ConfigChannel  stm32f4xx_hal_tim.o
    0x080028bc   0x080028bc   0x0000005a   Code   RO         2187    i.HAL_TIM_PWM_Init  stm32f4xx_hal_tim.o
    0x08002916   0x08002916   0x00000002   Code   RO         2189    i.HAL_TIM_PWM_MspInit  stm32f4xx_hal_tim.o
    0x08002918   0x08002918   0x00000002   Code   RO         2190    i.HAL_TIM_PWM_PulseFinishedCallback  stm32f4xx_hal_tim.o
    0x0800291a   0x0800291a   0x00000002   Code   RO         2191    i.HAL_TIM_PWM_PulseFinishedHalfCpltCallback  stm32f4xx_hal_tim.o
    0x0800291c   0x0800291c   0x000000c8   Code   RO         2192    i.HAL_TIM_PWM_Start  stm32f4xx_hal_tim.o
    0x080029e4   0x080029e4   0x000001c0   Code   RO         2193    i.HAL_TIM_PWM_Start_DMA  stm32f4xx_hal_tim.o
    0x08002ba4   0x08002ba4   0x000000cc   Code   RO         2196    i.HAL_TIM_PWM_Stop_DMA  stm32f4xx_hal_tim.o
    0x08002c70   0x08002c70   0x00000002   Code   RO         3095    i.HAL_UARTEx_RxEventCallback  stm32f4xx_hal_uart.o
    0x08002c72   0x08002c72   0x00000002   Code   RO         3109    i.HAL_UART_ErrorCallback  stm32f4xx_hal_uart.o
    0x08002c74   0x08002c74   0x00000280   Code   RO         3112    i.HAL_UART_IRQHandler  stm32f4xx_hal_uart.o
    0x08002ef4   0x08002ef4   0x00000064   Code   RO         3113    i.HAL_UART_Init     stm32f4xx_hal_uart.o
    0x08002f58   0x08002f58   0x00000154   Code   RO          388    i.HAL_UART_MspInit  usart.o
    0x080030ac   0x080030ac   0x0000001c   Code   RO         3118    i.HAL_UART_Receive_IT  stm32f4xx_hal_uart.o
    0x080030c8   0x080030c8   0x00000054   Code   RO         4735    i.HAL_UART_RxCpltCallback  interrupttask.o
    0x0800311c   0x0800311c   0x000000a0   Code   RO         3121    i.HAL_UART_Transmit  stm32f4xx_hal_uart.o
    0x080031bc   0x080031bc   0x00000002   Code   RO         3124    i.HAL_UART_TxCpltCallback  stm32f4xx_hal_uart.o
    0x080031be   0x080031be   0x00000002   Code   RO          450    i.HardFault_Handler  stm32f4xx_it.o
    0x080031c0   0x080031c0   0x000000e0   Code   RO         4859    i.HoleLightBlink_Task  lighttask.o
    0x080032a0   0x080032a0   0x00000094   Code   RO         4783    i.Hole_Init         keytask.o
    0x08003334   0x08003334   0x0000000c   Code   RO         4629    i.HoolleMotorTimeout_callback  ctrltask.o
    0x08003340   0x08003340   0x00000080   Code   RO         4736    i.Hoolle_1_Output_IRQ  interrupttask.o
    0x080033c0   0x080033c0   0x00000074   Code   RO         4737    i.Hoolle_2_Output_IRQ  interrupttask.o
    0x08003434   0x08003434   0x00000022   Code   RO         4630    i.Hoolle_Output     ctrltask.o
    0x08003456   0x08003456   0x00000002   PAD
    0x08003458   0x08003458   0x00000024   Code   RO         4261    i.IsRegistered      port_lighteffect.o
    0x0800347c   0x0800347c   0x0000000e   Code   RO         4784    i.KeyAll_Init       keytask.o
    0x0800348a   0x0800348a   0x00000058   Code   RO         4188    i.Key_Init          port_key.o
    0x080034e2   0x080034e2   0x00000002   Code   RO         4785    i.Key_LongCallback  keytask.o
    0x080034e4   0x080034e4   0x00000002   Code   RO         4786    i.Key_ReleaseCallback  keytask.o
    0x080034e6   0x080034e6   0x00000144   Code   RO         4189    i.Key_Scan          port_key.o
    0x0800362a   0x0800362a   0x00000002   PAD
    0x0800362c   0x0800362c   0x00000044   Code   RO         4787    i.Key_ShortCallback  keytask.o
    0x08003670   0x08003670   0x00000020   Code   RO         4788    i.Key_Task          keytask.o
    0x08003690   0x08003690   0x00000094   Code   RO         4789    i.Keyboard_Init     keytask.o
    0x08003724   0x08003724   0x00000018   Code   RO         4790    i.Keyboard_LongCallback  keytask.o
    0x0800373c   0x0800373c   0x00000018   Code   RO         4791    i.Keyboard_ReleaseCallback  keytask.o
    0x08003754   0x08003754   0x00000018   Code   RO         4792    i.Keyboard_ShortCallback  keytask.o
    0x0800376c   0x0800376c   0x0000008c   Code   RO         4860    i.LightBufferFlush  lighttask.o
    0x080037f8   0x080037f8   0x0000001c   Code   RO         4221    i.LightDerive_Init  port_light.o
    0x08003814   0x08003814   0x0000005c   Code   RO         4262    i.LightEffectTimer_ISR  port_lighteffect.o
    0x08003870   0x08003870   0x000000f8   Code   RO         4272    i.LightEffect_Unblock_Flow  port_lighteffect.o
    0x08003968   0x08003968   0x00000044   Code   RO         4274    i.LightEffect_Unblock_SetColor  port_lighteffect.o
    0x080039ac   0x080039ac   0x000002f0   Code   RO         4861    i.LightTask         lighttask.o
    0x08003c9c   0x08003c9c   0x00000270   Code   RO         4862    i.LightTask_Init    lighttask.o
    0x08003f0c   0x08003f0c   0x0000002c   Code   RO         4222    i.Light_SetColor    port_light.o
    0x08003f38   0x08003f38   0x00000076   Code   RO         3623    i.List_AddNode      app_list.o
    0x08003fae   0x08003fae   0x0000000c   Code   RO         3626    i.List_Create       app_list.o
    0x08003fba   0x08003fba   0x00000040   Code   RO         3627    i.List_DeleteNode   app_list.o
    0x08003ffa   0x08003ffa   0x00000016   Code   RO         3628    i.List_IsExistID    app_list.o
    0x08004010   0x08004010   0x0000003c   Code   RO          207    i.MX_DMA_Init       dma.o
    0x0800404c   0x0800404c   0x000001d0   Code   RO          183    i.MX_GPIO_Init      gpio.o
    0x0800421c   0x0800421c   0x0000002c   Code   RO          231    i.MX_IWDG_Init      iwdg.o
    0x08004248   0x08004248   0x00000044   Code   RO          263    i.MX_SPI1_Init      spi.o
    0x0800428c   0x0800428c   0x00000068   Code   RO          306    i.MX_TIM10_Init     tim.o
    0x080042f4   0x080042f4   0x00000068   Code   RO          307    i.MX_TIM11_Init     tim.o
    0x0800435c   0x0800435c   0x000000f8   Code   RO          308    i.MX_TIM1_Init      tim.o
    0x08004454   0x08004454   0x000000c0   Code   RO          309    i.MX_TIM2_Init      tim.o
    0x08004514   0x08004514   0x000000a8   Code   RO          310    i.MX_TIM3_Init      tim.o
    0x080045bc   0x080045bc   0x000000ac   Code   RO          311    i.MX_TIM5_Init      tim.o
    0x08004668   0x08004668   0x00000048   Code   RO          312    i.MX_TIM7_Init      tim.o
    0x080046b0   0x080046b0   0x00000038   Code   RO          389    i.MX_UART5_Init     usart.o
    0x080046e8   0x080046e8   0x00000038   Code   RO          390    i.MX_USART1_UART_Init  usart.o
    0x08004720   0x08004720   0x00000038   Code   RO          391    i.MX_USART3_UART_Init  usart.o
    0x08004758   0x08004758   0x00000040   Code   RO         4907    i.Main_Init         maintask.o
    0x08004798   0x08004798   0x0000006c   Code   RO         4908    i.Main_Task         maintask.o
    0x08004804   0x08004804   0x00000002   Code   RO          451    i.MemManage_Handler  stm32f4xx_it.o
    0x08004806   0x08004806   0x00000002   PAD
    0x08004808   0x08004808   0x00000038   Code   RO         4524    i.MesgDeal_Task     commtask.o
    0x08004840   0x08004840   0x00000144   Code   RO         4952    i.Mesg_Task         mesgtask.o
    0x08004984   0x08004984   0x0000003e   Code   RO         3519    i.Motor_LosePower   app_device.o
    0x080049c2   0x080049c2   0x0000008c   Code   RO         3520    i.Motor_SetSpeed    app_device.o
    0x08004a4e   0x08004a4e   0x00000044   Code   RO         3521    i.Motor_Stop        app_device.o
    0x08004a92   0x08004a92   0x00000002   Code   RO          452    i.NMI_Handler       stm32f4xx_it.o
    0x08004a94   0x08004a94   0x00000002   Code   RO          453    i.PendSV_Handler    stm32f4xx_it.o
    0x08004a96   0x08004a96   0x00000002   PAD
    0x08004a98   0x08004a98   0x00000048   Code   RO         3757    i.RGB_CleanAll      app_ws2812.o
    0x08004ae0   0x08004ae0   0x00000020   Code   RO         3759    i.RGB_FinishCallback  app_ws2812.o
    0x08004b00   0x08004b00   0x00000288   Code   RO         3760    i.RGB_Flush         app_ws2812.o
    0x08004d88   0x08004d88   0x00000044   Code   RO         3761    i.RGB_Init          app_ws2812.o
    0x08004dcc   0x08004dcc   0x000002d6   Code   RO         3762    i.RGB_LocalRefresh  app_ws2812.o
    0x080050a2   0x080050a2   0x0000002c   Code   RO         3763    i.RGB_Reset         app_ws2812.o
    0x080050ce   0x080050ce   0x00000012   Code   RO         3764    i.RGB_SetAllColor   app_ws2812.o
    0x080050e0   0x080050e0   0x0000002c   Code   RO         3765    i.RGB_SetMoreColor  app_ws2812.o
    0x0800510c   0x0800510c   0x00000042   Code   RO         3766    i.RGB_SetOneColor   app_ws2812.o
    0x0800514e   0x0800514e   0x00000002   PAD
    0x08005150   0x08005150   0x0000009c   Code   RO         4285    i.RegisterLight     port_lighteffect.o
    0x080051ec   0x080051ec   0x00000064   Code   RO         4525    i.Resend_Task       commtask.o
    0x08005250   0x08005250   0x00000010   Code   RO         4694    i.ResumeSetting     flashtask.o
    0x08005260   0x08005260   0x0000000e   Code   RO         3684    i.RingBuffer_Clear  app_ringbuf.o
    0x0800526e   0x0800526e   0x00000018   Code   RO         3685    i.RingBuffer_GetDatalen  app_ringbuf.o
    0x08005286   0x08005286   0x0000000a   Code   RO         3686    i.RingBuffer_GetSpace  app_ringbuf.o
    0x08005290   0x08005290   0x0000005c   Code   RO         3687    i.RingBuffer_Init   app_ringbuf.o
    0x080052ec   0x080052ec   0x0000000e   Code   RO         3688    i.RingBuffer_IsEmpty  app_ringbuf.o
    0x080052fa   0x080052fa   0x00000012   Code   RO         3689    i.RingBuffer_IsFull  app_ringbuf.o
    0x0800530c   0x0800530c   0x0000006a   Code   RO         3690    i.RingBuffer_Read   app_ringbuf.o
    0x08005376   0x08005376   0x00000036   Code   RO         3691    i.RingBuffer_ReadByte  app_ringbuf.o
    0x080053ac   0x080053ac   0x0000006a   Code   RO         3692    i.RingBuffer_Write  app_ringbuf.o
    0x08005416   0x08005416   0x00000032   Code   RO         3693    i.RingBuffer_WriteByte  app_ringbuf.o
    0x08005448   0x08005448   0x0000009e   Code   RO         3906    i.Rx_Receive        port_communicate.o
    0x080054e6   0x080054e6   0x00000002   Code   RO          454    i.SVC_Handler       stm32f4xx_it.o
    0x080054e8   0x080054e8   0x00000012   Code   RO         3767    i.SemaphoreGive     app_ws2812.o
    0x080054fa   0x080054fa   0x00000010   Code   RO         3768    i.SemaphoreTake     app_ws2812.o
    0x0800550a   0x0800550a   0x00000034   Code   RO         3522    i.Servo_SetAngle    app_device.o
    0x0800553e   0x0800553e   0x00000004   Code   RO         3523    i.Switch_SetState   app_device.o
    0x08005542   0x08005542   0x0000000e   Code   RO          455    i.SysTick_Handler   stm32f4xx_it.o
    0x08005550   0x08005550   0x0000009c   Code   RO           14    i.SystemClock_Config  main.o
    0x080055ec   0x080055ec   0x00000010   Code   RO         3447    i.SystemInit        system_stm32f4xx.o
    0x080055fc   0x080055fc   0x000000d0   Code   RO         2205    i.TIM_Base_SetConfig  stm32f4xx_hal_tim.o
    0x080056cc   0x080056cc   0x0000001a   Code   RO         2206    i.TIM_CCxChannelCmd  stm32f4xx_hal_tim.o
    0x080056e6   0x080056e6   0x0000005e   Code   RO         2209    i.TIM_DMADelayPulseCplt  stm32f4xx_hal_tim.o
    0x08005744   0x08005744   0x00000038   Code   RO         2210    i.TIM_DMADelayPulseHalfCplt  stm32f4xx_hal_tim.o
    0x0800577c   0x0800577c   0x00000054   Code   RO         2211    i.TIM_DMAError      stm32f4xx_hal_tim.o
    0x080057d0   0x080057d0   0x00000014   Code   RO         2216    i.TIM_ETR_SetConfig  stm32f4xx_hal_tim.o
    0x080057e4   0x080057e4   0x00000010   Code   RO         2217    i.TIM_ITRx_SetConfig  stm32f4xx_hal_tim.o
    0x080057f4   0x080057f4   0x00000060   Code   RO         2218    i.TIM_OC1_SetConfig  stm32f4xx_hal_tim.o
    0x08005854   0x08005854   0x0000006c   Code   RO         2219    i.TIM_OC2_SetConfig  stm32f4xx_hal_tim.o
    0x080058c0   0x080058c0   0x00000068   Code   RO         2220    i.TIM_OC3_SetConfig  stm32f4xx_hal_tim.o
    0x08005928   0x08005928   0x00000050   Code   RO         2221    i.TIM_OC4_SetConfig  stm32f4xx_hal_tim.o
    0x08005978   0x08005978   0x00000022   Code   RO         2223    i.TIM_TI1_ConfigInputStage  stm32f4xx_hal_tim.o
    0x0800599a   0x0800599a   0x00000024   Code   RO         2225    i.TIM_TI2_ConfigInputStage  stm32f4xx_hal_tim.o
    0x080059be   0x080059be   0x0000000e   Code   RO         3126    i.UART_DMAAbortOnError  stm32f4xx_hal_uart.o
    0x080059cc   0x080059cc   0x0000004e   Code   RO         3136    i.UART_EndRxTransfer  stm32f4xx_hal_uart.o
    0x08005a1a   0x08005a1a   0x000000c2   Code   RO         3138    i.UART_Receive_IT   stm32f4xx_hal_uart.o
    0x08005adc   0x08005adc   0x0000010c   Code   RO         3139    i.UART_SetConfig    stm32f4xx_hal_uart.o
    0x08005be8   0x08005be8   0x00000036   Code   RO         3141    i.UART_Start_Receive_IT  stm32f4xx_hal_uart.o
    0x08005c1e   0x08005c1e   0x00000072   Code   RO         3142    i.UART_WaitOnFlagUntilTimeout  stm32f4xx_hal_uart.o
    0x08005c90   0x08005c90   0x000002ec   Code   RO         4526    i.USART1_Deal       commtask.o
    0x08005f7c   0x08005f7c   0x0000000c   Code   RO          456    i.USART1_IRQHandler  stm32f4xx_it.o
    0x08005f88   0x08005f88   0x0000001e   Code   RO         4527    i.USART1_ReceiveMesg_Verify  commtask.o
    0x08005fa6   0x08005fa6   0x00000002   PAD
    0x08005fa8   0x08005fa8   0x00000074   Code   RO         4528    i.USART3_Deal       commtask.o
    0x0800601c   0x0800601c   0x0000000c   Code   RO          457    i.USART3_IRQHandler  stm32f4xx_it.o
    0x08006028   0x08006028   0x00000080   Code   RO         4529    i.USART_ReSendMesg  commtask.o
    0x080060a8   0x080060a8   0x00000060   Code   RO         4530    i.USART_SendMesg    commtask.o
    0x08006108   0x08006108   0x00000002   Code   RO          458    i.UsageFault_Handler  stm32f4xx_it.o
    0x0800610a   0x0800610a   0x00000020   Code   RO         1398    i.__NVIC_SetPriority  stm32f4xx_hal_cortex.o
    0x0800612a   0x0800612a   0x00000002   PAD
    0x0800612c   0x0800612c   0x0000004e   Code   RO           15    i.main              main.o
    0x0800617a   0x0800617a   0x0000000a   Code   RO         5069    x$fpl$fpinit        fz_wm.l(fpinit.o)
    0x08006184   0x08006184   0x00000008   Data   RO         1112    .constdata          stm32f4xx_hal_dma.o
    0x0800618c   0x0800618c   0x00000010   Data   RO         3448    .constdata          system_stm32f4xx.o
    0x0800619c   0x0800619c   0x00000008   Data   RO         3449    .constdata          system_stm32f4xx.o
    0x080061a4   0x080061a4   0x00000020   Data   RO         5163    Region$$Table       anon$$obj.o


    Execution Region RW_IRAM1 (Exec base: 0x20000000, Load base: 0x080061c4, Size: 0x00008ab8, Max: 0x0001c000, ABSOLUTE, COMPRESSED[0x000000e4])

    Exec Addr    Load Addr    Size         Type   Attr      Idx    E Section Name        Object

    0x20000000   COMPRESSED   0x00000020   Data   RW          811    .data               stm32f4xx_hal_flash.o
    0x20000020   COMPRESSED   0x0000000c   Data   RW         1557    .data               stm32f4xx_hal.o
    0x2000002c   COMPRESSED   0x00000004   Data   RW         3450    .data               system_stm32f4xx.o
    0x20000030   COMPRESSED   0x0000001e   Data   RW         3769    .data               app_ws2812.o
    0x2000004e   COMPRESSED   0x00000002   PAD
    0x20000050   COMPRESSED   0x00000010   Data   RW         4290    .data               port_lighteffect.o
    0x20000060   COMPRESSED   0x00000001   Data   RW         4532    .data               commtask.o
    0x20000061   COMPRESSED   0x00000001   PAD
    0x20000062   COMPRESSED   0x00000008   Data   RW         4738    .data               interrupttask.o
    0x2000006a   COMPRESSED   0x00000002   PAD
    0x2000006c   COMPRESSED   0x000000b0   Data   RW         4794    .data               keytask.o
    0x2000011c   COMPRESSED   0x000000b0   Data   RW         4864    .data               lighttask.o
    0x200001cc   COMPRESSED   0x00000010   Data   RW         4866    .data               lighttask.o
    0x200001dc   COMPRESSED   0x00000001   Data   RW         4910    .data               maintask.o
    0x200001dd   COMPRESSED   0x00000003   PAD
    0x200001e0   COMPRESSED   0x00000004   Data   RW         4911    .data               maintask.o
    0x200001e4   COMPRESSED   0x00000004   Data   RW         4912    .data               maintask.o
    0x200001e8   COMPRESSED   0x00000004   Data   RW         4953    .data               mesgtask.o
    0x200001ec        -       0x0000000c   Zero   RW          232    .bss                iwdg.o
    0x200001f8        -       0x00000058   Zero   RW          264    .bss                spi.o
    0x20000250        -       0x000002b8   Zero   RW          313    .bss                tim.o
    0x20000508        -       0x000000d8   Zero   RW          392    .bss                usart.o
    0x200005e0        -       0x00000030   Zero   RW         4287    .bss                port_lighteffect.o
    0x20000610        -       0x00000030   Zero   RW         4288    .bss                port_lighteffect.o
    0x20000640        -       0x00000030   Zero   RW         4289    .bss                port_lighteffect.o
    0x20000670        -       0x00001fbc   Zero   RW         4531    .bss                commtask.o
    0x2000262c        -       0x00000108   Zero   RW         4632    .bss                ctrltask.o
    0x20002734        -       0x00000024   Zero   RW         4695    .bss                flashtask.o
    0x20002758        -       0x00000580   Zero   RW         4793    .bss                keytask.o
    0x20002cd8        -       0x00001d80   Zero   RW         4863    .bss                lighttask.o
    0x20004a58        -       0x00000060   Zero   RW         5092    .bss                c_w.l(libspace.o)
    0x20004ab8        -       0x00002000   Zero   RW            2    HEAP                startup_stm32f407xx.o
    0x20006ab8        -       0x00002000   Zero   RW            1    STACK               startup_stm32f407xx.o


    Execution Region RW_IRAM2 (Exec base: 0x2001c000, Load base: 0x080062a8, Size: 0x00000000, Max: 0x00004000, ABSOLUTE)

    **** No section assigned to this execution region ****


==============================================================================

Image component sizes


      Code (inc. data)   RO Data    RW Data    ZI Data      Debug   Object Name

        52          0          0          0          0       1094   app_crc.o
       326          0          0          0          0       3943   app_device.o
       380         48          0          0          0       4169   app_flash.o
       242          0          0          0          0       4660   app_list.o
       488         38          0          0          0       7729   app_ringbuf.o
      1752          6          0         30          0      10152   app_ws2812.o
      1720        168          0          1       8124      12746   commtask.o
       698         44          0          0        264       5785   ctrltask.o
        60          4          0          0          0        814   dma.o
       144         24          0          0         36       2696   flashtask.o
       464         26          0          0          0       1199   gpio.o
       448         56          0          8          0       3967   interrupttask.o
        44          8          0          0         12        755   iwdg.o
       486         72          0        176       1408       6723   keytask.o
      1740         96          0        192       7552       5119   lighttask.o
       238          8          0          0          0     710724   main.o
       172         20          0          9          0       1940   maintask.o
       324         24          0          4          0        897   mesgtask.o
       300         12          0          0          0       4409   port_communicate.o
       442         56          0          0          0      11041   port_device.o
        30          0          0          0          0       2048   port_event.o
       100         14          0          0          0       3233   port_flash.o
       412          0          0          0          0       3306   port_key.o
        72          4          0          0          0       1627   port_light.o
       764         10          0         16        144       7628   port_lighteffect.o
       172         20          0          0         88       1753   spi.o
        64         26        392          0      16384        860   startup_stm32f407xx.o
       180         28          0         12          0       9537   stm32f4xx_hal.o
       198         14          0          0          0      33919   stm32f4xx_hal_cortex.o
      1084         16          8          0          0       7490   stm32f4xx_hal_dma.o
       520         66          0         32          0       6770   stm32f4xx_hal_flash.o
       356         24          0          0          0       4078   stm32f4xx_hal_flash_ex.o
       556         52          0          0          0       4219   stm32f4xx_hal_gpio.o
       106          0          0          0          0       1955   stm32f4xx_hal_iwdg.o
        48          6          0          0          0        890   stm32f4xx_hal_msp.o
      1364         76          0          0          0       5368   stm32f4xx_hal_rcc.o
       188          0          0          0          0       1247   stm32f4xx_hal_spi.o
      2546        188          0          0          0      20151   stm32f4xx_hal_tim.o
       228         28          0          0          0       2244   stm32f4xx_hal_tim_ex.o
      1656         14          0          0          0      11668   stm32f4xx_hal_uart.o
       152         28          0          0          0      11512   stm32f4xx_it.o
        16          4         24          4          0       1175   system_stm32f4xx.o
      1704        132          0          0        696       7575   tim.o
       508         56          0          0        216       3290   usart.o

    ----------------------------------------------------------------------
     23580       1516        456        492      34924     954105   Object Totals
         0          0         32          0          0          0   (incl. Generated)
        36          0          0          8          0          0   (incl. Padding)

    ----------------------------------------------------------------------

      Code (inc. data)   RO Data    RW Data    ZI Data      Debug   Library Member Name

        90          0          0          0          0          0   __dczerorl2.o
         8          0          0          0          0         68   __main.o
         0          0          0          0          0          0   __rtentry.o
        12          0          0          0          0          0   __rtentry2.o
         6          0          0          0          0          0   __rtentry4.o
        52          8          0          0          0          0   __scatter.o
        28          0          0          0          0          0   __scatter_zi.o
        16          0          0          0          0         68   aeabi_memset.o
        18          0          0          0          0         80   exit.o
         6          0          0          0          0        152   heapauxi.o
         0          0          0          0          0          0   indicate_semi.o
         2          0          0          0          0          0   libinit.o
         6          0          0          0          0          0   libinit2.o
         2          0          0          0          0          0   libshutdown.o
         2          0          0          0          0          0   libshutdown2.o
         8          4          0          0         96         68   libspace.o
       238          0          0          0          0        100   lludivv7m.o
        68          0          0          0          0         68   rt_memclr.o
        78          0          0          0          0         80   rt_memclr_w.o
       138          0          0          0          0         68   rt_memcpy_v6.o
       100          0          0          0          0         80   rt_memcpy_w.o
         2          0          0          0          0          0   rtexit.o
        10          0          0          0          0          0   rtexit2.o
        12          4          0          0          0         68   sys_exit.o
        74          0          0          0          0         80   sys_stackheap_outer.o
         2          0          0          0          0         68   use_no_semi.o
        10          0          0          0          0        116   fpinit.o

    ----------------------------------------------------------------------
       992         16          0          0         96       1164   Library Totals
         4          0          0          0          0          0   (incl. Padding)

    ----------------------------------------------------------------------

      Code (inc. data)   RO Data    RW Data    ZI Data      Debug   Library Name

       978         16          0          0         96       1048   c_w.l
        10          0          0          0          0        116   fz_wm.l

    ----------------------------------------------------------------------
       992         16          0          0         96       1164   Library Totals

    ----------------------------------------------------------------------

==============================================================================


      Code (inc. data)   RO Data    RW Data    ZI Data      Debug   

     24572       1532        456        492      35020     931201   Grand Totals
     24572       1532        456        228      35020     931201   ELF Image Totals (compressed)
     24572       1532        456        228          0          0   ROM Totals

==============================================================================

    Total RO  Size (Code + RO Data)                25028 (  24.44kB)
    Total RW  Size (RW Data + ZI Data)             35512 (  34.68kB)
    Total ROM Size (Code + RO Data + RW Data)      25256 (  24.66kB)

==============================================================================

